[debug] [2026-01-21T23:52:08.897Z] ----------------------------------------------------------------------
[debug] [2026-01-21T23:52:08.899Z] Command:       C:\Program Files\nodejs\node.exe C:\Users\wojte\AppData\Roaming\npm\node_modules\firebase-tools\lib\bin\firebase.js deploy --only functions
[debug] [2026-01-21T23:52:08.900Z] CLI Version:   15.3.1
[debug] [2026-01-21T23:52:08.900Z] Platform:      win32
[debug] [2026-01-21T23:52:08.900Z] Node Version:  v24.13.0
[debug] [2026-01-21T23:52:08.900Z] Time:          Thu Jan 22 2026 00:52:08 GMT+0100 (czas środkowoeuropejski standardowy)
[debug] [2026-01-21T23:52:08.900Z] ----------------------------------------------------------------------
[debug] 
[debug] [2026-01-21T23:52:10.153Z] Object "" in "firebase.json" has unknown property: {"additionalProperty":"flutter"}
[debug] [2026-01-21T23:52:10.155Z] > command requires scopes: ["email","openid","https://www.googleapis.com/auth/cloudplatformprojects.readonly","https://www.googleapis.com/auth/firebase","https://www.googleapis.com/auth/cloud-platform"]
[debug] [2026-01-21T23:52:10.156Z] > authorizing via signed-in user (culpritstargazer@gmail.com)
[debug] [2026-01-21T23:52:10.156Z] [iam] checking project repozytorium-binarne for permissions ["cloudfunctions.functions.create","cloudfunctions.functions.delete","cloudfunctions.functions.get","cloudfunctions.functions.list","cloudfunctions.functions.update","cloudfunctions.operations.get","firebase.projects.get"]
[debug] [2026-01-21T23:52:10.157Z] Checked if tokens are valid: true, expires at: 1769043121539
[debug] [2026-01-21T23:52:10.157Z] Checked if tokens are valid: true, expires at: 1769043121539
[debug] [2026-01-21T23:52:10.157Z] >>> [apiv2][query] POST https://cloudresourcemanager.googleapis.com/v1/projects/repozytorium-binarne:testIamPermissions [none]
[debug] [2026-01-21T23:52:10.157Z] >>> [apiv2][(partial)header] POST https://cloudresourcemanager.googleapis.com/v1/projects/repozytorium-binarne:testIamPermissions x-goog-quota-user=projects/repozytorium-binarne
[debug] [2026-01-21T23:52:10.158Z] >>> [apiv2][body] POST https://cloudresourcemanager.googleapis.com/v1/projects/repozytorium-binarne:testIamPermissions {"permissions":["cloudfunctions.functions.create","cloudfunctions.functions.delete","cloudfunctions.functions.get","cloudfunctions.functions.list","cloudfunctions.functions.update","cloudfunctions.operations.get","firebase.projects.get"]}
[debug] [2026-01-21T23:52:11.056Z] <<< [apiv2][status] POST https://cloudresourcemanager.googleapis.com/v1/projects/repozytorium-binarne:testIamPermissions 200
[debug] [2026-01-21T23:52:11.057Z] <<< [apiv2][body] POST https://cloudresourcemanager.googleapis.com/v1/projects/repozytorium-binarne:testIamPermissions {"permissions":["cloudfunctions.functions.create","cloudfunctions.functions.delete","cloudfunctions.functions.get","cloudfunctions.functions.list","cloudfunctions.functions.update","cloudfunctions.operations.get","firebase.projects.get"]}
[debug] [2026-01-21T23:52:11.057Z] Checked if tokens are valid: true, expires at: 1769043121539
[debug] [2026-01-21T23:52:11.057Z] Checked if tokens are valid: true, expires at: 1769043121539
[debug] [2026-01-21T23:52:11.057Z] >>> [apiv2][query] POST https://iam.googleapis.com/v1/projects/repozytorium-binarne/serviceAccounts/repozytorium-binarne@appspot.gserviceaccount.com:testIamPermissions [none]
[debug] [2026-01-21T23:52:11.057Z] >>> [apiv2][body] POST https://iam.googleapis.com/v1/projects/repozytorium-binarne/serviceAccounts/repozytorium-binarne@appspot.gserviceaccount.com:testIamPermissions {"permissions":["iam.serviceAccounts.actAs"]}
[debug] [2026-01-21T23:52:12.010Z] <<< [apiv2][status] POST https://iam.googleapis.com/v1/projects/repozytorium-binarne/serviceAccounts/repozytorium-binarne@appspot.gserviceaccount.com:testIamPermissions 404
[debug] [2026-01-21T23:52:12.010Z] <<< [apiv2][body] POST https://iam.googleapis.com/v1/projects/repozytorium-binarne/serviceAccounts/repozytorium-binarne@appspot.gserviceaccount.com:testIamPermissions {"error":{"code":404,"message":"Unknown service account","status":"NOT_FOUND"}}
[debug] [2026-01-21T23:52:12.011Z] [functions] service account IAM check errored, deploy may fail: Request to https://iam.googleapis.com/v1/projects/repozytorium-binarne/serviceAccounts/repozytorium-binarne@appspot.gserviceaccount.com:testIamPermissions had HTTP Error: 404, Unknown service account {"name":"FirebaseError","children":[],"context":{"body":{"error":{"code":404,"message":"Unknown service account","status":"NOT_FOUND"}},"response":{"statusCode":404}},"exit":1,"message":"Request to https://iam.googleapis.com/v1/projects/repozytorium-binarne/serviceAccounts/repozytorium-binarne@appspot.gserviceaccount.com:testIamPermissions had HTTP Error: 404, Unknown service account","status":404}
[info] 
[info] === Deploying to 'repozytorium-binarne'...
[info] 
[info] i  deploying functions 
[info] +  functions: Finished running predeploy script. 
[debug] [2026-01-21T23:52:12.019Z] Checked if tokens are valid: true, expires at: 1769043121539
[debug] [2026-01-21T23:52:12.019Z] Checked if tokens are valid: true, expires at: 1769043121539
[debug] [2026-01-21T23:52:12.019Z] >>> [apiv2][query] GET https://serviceusage.googleapis.com/v1/projects/repozytorium-binarne/services/cloudresourcemanager.googleapis.com [none]
[debug] [2026-01-21T23:52:12.019Z] >>> [apiv2][(partial)header] GET https://serviceusage.googleapis.com/v1/projects/repozytorium-binarne/services/cloudresourcemanager.googleapis.com x-goog-quota-user=projects/repozytorium-binarne
[debug] [2026-01-21T23:52:13.010Z] <<< [apiv2][status] GET https://serviceusage.googleapis.com/v1/projects/repozytorium-binarne/services/cloudresourcemanager.googleapis.com 200
[debug] [2026-01-21T23:52:13.010Z] <<< [apiv2][body] GET https://serviceusage.googleapis.com/v1/projects/repozytorium-binarne/services/cloudresourcemanager.googleapis.com [omitted]
[debug] [2026-01-21T23:52:13.014Z] Checked if tokens are valid: true, expires at: 1769043121539
[debug] [2026-01-21T23:52:13.014Z] Checked if tokens are valid: true, expires at: 1769043121539
[debug] [2026-01-21T23:52:13.014Z] >>> [apiv2][query] GET https://cloudresourcemanager.googleapis.com/v1/projects/repozytorium-binarne [none]
[debug] [2026-01-21T23:52:13.196Z] <<< [apiv2][status] GET https://cloudresourcemanager.googleapis.com/v1/projects/repozytorium-binarne 200
[debug] [2026-01-21T23:52:13.197Z] <<< [apiv2][body] GET https://cloudresourcemanager.googleapis.com/v1/projects/repozytorium-binarne {"projectNumber":"309976053778","projectId":"repozytorium-binarne","lifecycleState":"ACTIVE","name":"repozytorium-binarne","labels":{"firebase":"enabled","firebase-core":"disabled"},"createTime":"2026-01-03T13:09:48.350814Z"}
[info] i  functions: preparing codebase default for deployment 
[info] i  functions: ensuring required API cloudfunctions.googleapis.com is enabled... 
[debug] [2026-01-21T23:52:13.202Z] Checked if tokens are valid: true, expires at: 1769043121539
[debug] [2026-01-21T23:52:13.202Z] Checked if tokens are valid: true, expires at: 1769043121539
[debug] [2026-01-21T23:52:13.203Z] Checked if tokens are valid: true, expires at: 1769043121539
[debug] [2026-01-21T23:52:13.203Z] Checked if tokens are valid: true, expires at: 1769043121539
[info] i  functions: ensuring required API cloudbuild.googleapis.com is enabled... 
[debug] [2026-01-21T23:52:13.205Z] Checked if tokens are valid: true, expires at: 1769043121539
[debug] [2026-01-21T23:52:13.205Z] Checked if tokens are valid: true, expires at: 1769043121539
[info] i  artifactregistry: ensuring required API artifactregistry.googleapis.com is enabled... 
[debug] [2026-01-21T23:52:13.207Z] Checked if tokens are valid: true, expires at: 1769043121539
[debug] [2026-01-21T23:52:13.207Z] Checked if tokens are valid: true, expires at: 1769043121539
[debug] [2026-01-21T23:52:13.207Z] >>> [apiv2][query] GET https://serviceusage.googleapis.com/v1/projects/repozytorium-binarne/services/cloudfunctions.googleapis.com [none]
[debug] [2026-01-21T23:52:13.208Z] >>> [apiv2][(partial)header] GET https://serviceusage.googleapis.com/v1/projects/repozytorium-binarne/services/cloudfunctions.googleapis.com x-goog-quota-user=projects/repozytorium-binarne
[debug] [2026-01-21T23:52:13.210Z] >>> [apiv2][query] GET https://serviceusage.googleapis.com/v1/projects/repozytorium-binarne/services/runtimeconfig.googleapis.com [none]
[debug] [2026-01-21T23:52:13.210Z] >>> [apiv2][(partial)header] GET https://serviceusage.googleapis.com/v1/projects/repozytorium-binarne/services/runtimeconfig.googleapis.com x-goog-quota-user=projects/repozytorium-binarne
[debug] [2026-01-21T23:52:13.212Z] >>> [apiv2][query] GET https://serviceusage.googleapis.com/v1/projects/repozytorium-binarne/services/cloudbuild.googleapis.com [none]
[debug] [2026-01-21T23:52:13.212Z] >>> [apiv2][(partial)header] GET https://serviceusage.googleapis.com/v1/projects/repozytorium-binarne/services/cloudbuild.googleapis.com x-goog-quota-user=projects/repozytorium-binarne
[debug] [2026-01-21T23:52:13.213Z] >>> [apiv2][query] GET https://serviceusage.googleapis.com/v1/projects/repozytorium-binarne/services/artifactregistry.googleapis.com [none]
[debug] [2026-01-21T23:52:13.213Z] >>> [apiv2][(partial)header] GET https://serviceusage.googleapis.com/v1/projects/repozytorium-binarne/services/artifactregistry.googleapis.com x-goog-quota-user=projects/repozytorium-binarne
[debug] [2026-01-21T23:52:13.598Z] <<< [apiv2][status] GET https://serviceusage.googleapis.com/v1/projects/repozytorium-binarne/services/cloudfunctions.googleapis.com 200
[debug] [2026-01-21T23:52:13.598Z] <<< [apiv2][body] GET https://serviceusage.googleapis.com/v1/projects/repozytorium-binarne/services/cloudfunctions.googleapis.com [omitted]
[info] +  functions: required API cloudfunctions.googleapis.com is enabled 
[debug] [2026-01-21T23:52:14.098Z] <<< [apiv2][status] GET https://serviceusage.googleapis.com/v1/projects/repozytorium-binarne/services/runtimeconfig.googleapis.com 200
[debug] [2026-01-21T23:52:14.098Z] <<< [apiv2][body] GET https://serviceusage.googleapis.com/v1/projects/repozytorium-binarne/services/runtimeconfig.googleapis.com [omitted]
[debug] [2026-01-21T23:52:14.118Z] <<< [apiv2][status] GET https://serviceusage.googleapis.com/v1/projects/repozytorium-binarne/services/artifactregistry.googleapis.com 200
[debug] [2026-01-21T23:52:14.119Z] <<< [apiv2][body] GET https://serviceusage.googleapis.com/v1/projects/repozytorium-binarne/services/artifactregistry.googleapis.com [omitted]
[info] +  artifactregistry: required API artifactregistry.googleapis.com is enabled 
[debug] [2026-01-21T23:52:14.262Z] <<< [apiv2][status] GET https://serviceusage.googleapis.com/v1/projects/repozytorium-binarne/services/cloudbuild.googleapis.com 200
[debug] [2026-01-21T23:52:14.262Z] <<< [apiv2][body] GET https://serviceusage.googleapis.com/v1/projects/repozytorium-binarne/services/cloudbuild.googleapis.com [omitted]
[info] +  functions: required API cloudbuild.googleapis.com is enabled 
[debug] [2026-01-21T23:52:14.266Z] Checked if tokens are valid: true, expires at: 1769043121539
[debug] [2026-01-21T23:52:14.266Z] Checked if tokens are valid: true, expires at: 1769043121539
[debug] [2026-01-21T23:52:14.266Z] >>> [apiv2][query] GET https://firebase.googleapis.com/v1beta1/projects/repozytorium-binarne/adminSdkConfig [none]
[debug] [2026-01-21T23:52:14.844Z] <<< [apiv2][status] GET https://firebase.googleapis.com/v1beta1/projects/repozytorium-binarne/adminSdkConfig 200
[debug] [2026-01-21T23:52:14.844Z] <<< [apiv2][body] GET https://firebase.googleapis.com/v1beta1/projects/repozytorium-binarne/adminSdkConfig {"projectId":"repozytorium-binarne","storageBucket":"repozytorium-binarne.firebasestorage.app"}
[debug] [2026-01-21T23:52:14.846Z] Checked if tokens are valid: true, expires at: 1769043121539
[debug] [2026-01-21T23:52:14.846Z] Checked if tokens are valid: true, expires at: 1769043121539
[debug] [2026-01-21T23:52:14.846Z] >>> [apiv2][query] GET https://runtimeconfig.googleapis.com/v1beta1/projects/repozytorium-binarne/configs [none]
[debug] [2026-01-21T23:52:15.399Z] <<< [apiv2][status] GET https://runtimeconfig.googleapis.com/v1beta1/projects/repozytorium-binarne/configs 200
[debug] [2026-01-21T23:52:15.399Z] <<< [apiv2][body] GET https://runtimeconfig.googleapis.com/v1beta1/projects/repozytorium-binarne/configs {}
[debug] [2026-01-21T23:52:15.400Z] Validating nodejs source
[warn] !  functions: Couldn't find firebase-functions package in your source code. Have you run 'npm install'? 
[debug] [2026-01-21T23:52:15.401Z] getFunctionsSDKVersion encountered error: Cannot find module 'firebase-functions'
Require stack:
- C:\Users\wojte\AppData\Roaming\npm\node_modules\firebase-tools\lib\deploy\functions\runtimes\node\versioning.js
- C:\Users\wojte\AppData\Roaming\npm\node_modules\firebase-tools\lib\deploy\functions\runtimes\node\index.js
- C:\Users\wojte\AppData\Roaming\npm\node_modules\firebase-tools\lib\deploy\functions\runtimes\index.js
- C:\Users\wojte\AppData\Roaming\npm\node_modules\firebase-tools\lib\deploy\functions\prepare.js
- C:\Users\wojte\AppData\Roaming\npm\node_modules\firebase-tools\lib\emulator\functionsEmulatorShared.js
- C:\Users\wojte\AppData\Roaming\npm\node_modules\firebase-tools\lib\frameworks\index.js
- C:\Users\wojte\AppData\Roaming\npm\node_modules\firebase-tools\lib\deploy\hosting\prepare.js
- C:\Users\wojte\AppData\Roaming\npm\node_modules\firebase-tools\lib\deploy\hosting\index.js
- C:\Users\wojte\AppData\Roaming\npm\node_modules\firebase-tools\lib\deploy\index.js
- C:\Users\wojte\AppData\Roaming\npm\node_modules\firebase-tools\lib\commands\deploy.js
- C:\Users\wojte\AppData\Roaming\npm\node_modules\firebase-tools\lib\commands\index.js
- C:\Users\wojte\AppData\Roaming\npm\node_modules\firebase-tools\lib\index.js
- C:\Users\wojte\AppData\Roaming\npm\node_modules\firebase-tools\lib\bin\cli.js
- C:\Users\wojte\AppData\Roaming\npm\node_modules\firebase-tools\lib\bin\firebase.js {"code":"MODULE_NOT_FOUND","requireStack":["C:\\Users\\wojte\\AppData\\Roaming\\npm\\node_modules\\firebase-tools\\lib\\deploy\\functions\\runtimes\\node\\versioning.js","C:\\Users\\wojte\\AppData\\Roaming\\npm\\node_modules\\firebase-tools\\lib\\deploy\\functions\\runtimes\\node\\index.js","C:\\Users\\wojte\\AppData\\Roaming\\npm\\node_modules\\firebase-tools\\lib\\deploy\\functions\\runtimes\\index.js","C:\\Users\\wojte\\AppData\\Roaming\\npm\\node_modules\\firebase-tools\\lib\\deploy\\functions\\prepare.js","C:\\Users\\wojte\\AppData\\Roaming\\npm\\node_modules\\firebase-tools\\lib\\emulator\\functionsEmulatorShared.js","C:\\Users\\wojte\\AppData\\Roaming\\npm\\node_modules\\firebase-tools\\lib\\frameworks\\index.js","C:\\Users\\wojte\\AppData\\Roaming\\npm\\node_modules\\firebase-tools\\lib\\deploy\\hosting\\prepare.js","C:\\Users\\wojte\\AppData\\Roaming\\npm\\node_modules\\firebase-tools\\lib\\deploy\\hosting\\index.js","C:\\Users\\wojte\\AppData\\Roaming\\npm\\node_modules\\firebase-tools\\lib\\deploy\\index.js","C:\\Users\\wojte\\AppData\\Roaming\\npm\\node_modules\\firebase-tools\\lib\\commands\\deploy.js","C:\\Users\\wojte\\AppData\\Roaming\\npm\\node_modules\\firebase-tools\\lib\\commands\\index.js","C:\\Users\\wojte\\AppData\\Roaming\\npm\\node_modules\\firebase-tools\\lib\\index.js","C:\\Users\\wojte\\AppData\\Roaming\\npm\\node_modules\\firebase-tools\\lib\\bin\\cli.js","C:\\Users\\wojte\\AppData\\Roaming\\npm\\node_modules\\firebase-tools\\lib\\bin\\firebase.js"]}
[debug] [2026-01-21T23:52:15.402Z] checkFunctionsSDKVersion encountered error: Invalid Version:  {}
[debug] [2026-01-21T23:52:15.402Z] > [functions] package.json contents: {
  "name": "functions",
  "description": "Cloud Functions for Firebase",
  "scripts": {
    "lint": "eslint .",
    "serve": "firebase emulators:start --only functions",
    "shell": "firebase functions:shell",
    "start": "npm run shell",
    "deploy": "firebase deploy --only functions",
    "logs": "firebase functions:log"
  },
  "engines": {
    "node": "24"
  },
  "main": "index.js",
  "dependencies": {
    "firebase-admin": "^13.6.0",
    "firebase-functions": "^7.0.0"
  },
  "devDependencies": {
    "eslint": "^8.15.0",
    "eslint-config-google": "^0.14.0",
    "firebase-functions-test": "^3.4.1"
  },
  "private": true
}
[debug] [2026-01-21T23:52:15.402Z] Building nodejs source
[info] i  functions: Loading and analyzing source code for codebase default to determine what to deploy 
[debug] [2026-01-21T23:52:15.403Z] Could not parse firebase-functions version '' into semver.
[debug] [2026-01-21T23:52:15.403Z] Could not find functions.yaml. Must use http discovery
[debug] [2026-01-21T23:52:15.414Z] Error: Cannot find module 'firebase-functions'
Require stack:
- C:\Users\wojte\AppData\Roaming\npm\node_modules\firebase-tools\lib\deploy\functions\runtimes\node\index.js
- C:\Users\wojte\AppData\Roaming\npm\node_modules\firebase-tools\lib\deploy\functions\runtimes\index.js
- C:\Users\wojte\AppData\Roaming\npm\node_modules\firebase-tools\lib\deploy\functions\prepare.js
- C:\Users\wojte\AppData\Roaming\npm\node_modules\firebase-tools\lib\emulator\functionsEmulatorShared.js
- C:\Users\wojte\AppData\Roaming\npm\node_modules\firebase-tools\lib\frameworks\index.js
- C:\Users\wojte\AppData\Roaming\npm\node_modules\firebase-tools\lib\deploy\hosting\prepare.js
- C:\Users\wojte\AppData\Roaming\npm\node_modules\firebase-tools\lib\deploy\hosting\index.js
- C:\Users\wojte\AppData\Roaming\npm\node_modules\firebase-tools\lib\deploy\index.js
- C:\Users\wojte\AppData\Roaming\npm\node_modules\firebase-tools\lib\commands\deploy.js
- C:\Users\wojte\AppData\Roaming\npm\node_modules\firebase-tools\lib\commands\index.js
- C:\Users\wojte\AppData\Roaming\npm\node_modules\firebase-tools\lib\index.js
- C:\Users\wojte\AppData\Roaming\npm\node_modules\firebase-tools\lib\bin\cli.js
- C:\Users\wojte\AppData\Roaming\npm\node_modules\firebase-tools\lib\bin\firebase.js
    at Module._resolveFilename (node:internal/modules/cjs/loader:1421:15)
    at require.resolve (node:internal/modules/helpers:163:19)
    at Delegate.findFunctionsBinary (C:\Users\wojte\AppData\Roaming\npm\node_modules\firebase-tools\lib\deploy\functions\runtimes\node\index.js:101:33)
    at Delegate.spawnFunctionsProcess (C:\Users\wojte\AppData\Roaming\npm\node_modules\firebase-tools\lib\deploy\functions\runtimes\node\index.js:131:30)
    at Delegate.serveAdmin (C:\Users\wojte\AppData\Roaming\npm\node_modules\firebase-tools\lib\deploy\functions\runtimes\node\index.js:152:35)
    at Delegate.discoverBuild (C:\Users\wojte\AppData\Roaming\npm\node_modules\firebase-tools\lib\deploy\functions\runtimes\node\index.js:192:41)
    at process.processTicksAndRejections (node:internal/process/task_queues:103:5)
    at async loadCodebases (C:\Users\wojte\AppData\Roaming\npm\node_modules\firebase-tools\lib\deploy\functions\prepare.js:330:33)
    at async prepare (C:\Users\wojte\AppData\Roaming\npm\node_modules\firebase-tools\lib\deploy\functions\prepare.js:69:24)
    at async chain (C:\Users\wojte\AppData\Roaming\npm\node_modules\firebase-tools\lib\deploy\index.js:43:9)
[error] 
[error] Error: An unexpected error has occurred.
[debug] [2026-01-21T23:52:36.002Z] ----------------------------------------------------------------------
[debug] [2026-01-21T23:52:36.005Z] Command:       C:\Program Files\nodejs\node.exe C:\Users\wojte\AppData\Roaming\npm\node_modules\firebase-tools\lib\bin\firebase.js deploy --only functions
[debug] [2026-01-21T23:52:36.005Z] CLI Version:   15.3.1
[debug] [2026-01-21T23:52:36.005Z] Platform:      win32
[debug] [2026-01-21T23:52:36.005Z] Node Version:  v24.13.0
[debug] [2026-01-21T23:52:36.006Z] Time:          Thu Jan 22 2026 00:52:36 GMT+0100 (czas środkowoeuropejski standardowy)
[debug] [2026-01-21T23:52:36.006Z] ----------------------------------------------------------------------
[debug] 
[debug] [2026-01-21T23:52:37.214Z] Object "" in "firebase.json" has unknown property: {"additionalProperty":"flutter"}
[debug] [2026-01-21T23:52:37.217Z] > command requires scopes: ["email","openid","https://www.googleapis.com/auth/cloudplatformprojects.readonly","https://www.googleapis.com/auth/firebase","https://www.googleapis.com/auth/cloud-platform"]
[debug] [2026-01-21T23:52:37.217Z] > authorizing via signed-in user (culpritstargazer@gmail.com)
[debug] [2026-01-21T23:52:37.217Z] [iam] checking project repozytorium-binarne for permissions ["cloudfunctions.functions.create","cloudfunctions.functions.delete","cloudfunctions.functions.get","cloudfunctions.functions.list","cloudfunctions.functions.update","cloudfunctions.operations.get","firebase.projects.get"]
[debug] [2026-01-21T23:52:37.218Z] Checked if tokens are valid: true, expires at: 1769043121539
[debug] [2026-01-21T23:52:37.218Z] Checked if tokens are valid: true, expires at: 1769043121539
[debug] [2026-01-21T23:52:37.219Z] >>> [apiv2][query] POST https://cloudresourcemanager.googleapis.com/v1/projects/repozytorium-binarne:testIamPermissions [none]
[debug] [2026-01-21T23:52:37.219Z] >>> [apiv2][(partial)header] POST https://cloudresourcemanager.googleapis.com/v1/projects/repozytorium-binarne:testIamPermissions x-goog-quota-user=projects/repozytorium-binarne
[debug] [2026-01-21T23:52:37.219Z] >>> [apiv2][body] POST https://cloudresourcemanager.googleapis.com/v1/projects/repozytorium-binarne:testIamPermissions {"permissions":["cloudfunctions.functions.create","cloudfunctions.functions.delete","cloudfunctions.functions.get","cloudfunctions.functions.list","cloudfunctions.functions.update","cloudfunctions.operations.get","firebase.projects.get"]}
[debug] [2026-01-21T23:52:37.978Z] <<< [apiv2][status] POST https://cloudresourcemanager.googleapis.com/v1/projects/repozytorium-binarne:testIamPermissions 200
[debug] [2026-01-21T23:52:37.978Z] <<< [apiv2][body] POST https://cloudresourcemanager.googleapis.com/v1/projects/repozytorium-binarne:testIamPermissions {"permissions":["cloudfunctions.functions.create","cloudfunctions.functions.delete","cloudfunctions.functions.get","cloudfunctions.functions.list","cloudfunctions.functions.update","cloudfunctions.operations.get","firebase.projects.get"]}
[debug] [2026-01-21T23:52:37.978Z] Checked if tokens are valid: true, expires at: 1769043121539
[debug] [2026-01-21T23:52:37.978Z] Checked if tokens are valid: true, expires at: 1769043121539
[debug] [2026-01-21T23:52:37.978Z] >>> [apiv2][query] POST https://iam.googleapis.com/v1/projects/repozytorium-binarne/serviceAccounts/repozytorium-binarne@appspot.gserviceaccount.com:testIamPermissions [none]
[debug] [2026-01-21T23:52:37.978Z] >>> [apiv2][body] POST https://iam.googleapis.com/v1/projects/repozytorium-binarne/serviceAccounts/repozytorium-binarne@appspot.gserviceaccount.com:testIamPermissions {"permissions":["iam.serviceAccounts.actAs"]}
[debug] [2026-01-21T23:52:38.751Z] <<< [apiv2][status] POST https://iam.googleapis.com/v1/projects/repozytorium-binarne/serviceAccounts/repozytorium-binarne@appspot.gserviceaccount.com:testIamPermissions 404
[debug] [2026-01-21T23:52:38.751Z] <<< [apiv2][body] POST https://iam.googleapis.com/v1/projects/repozytorium-binarne/serviceAccounts/repozytorium-binarne@appspot.gserviceaccount.com:testIamPermissions {"error":{"code":404,"message":"Unknown service account","status":"NOT_FOUND"}}
[debug] [2026-01-21T23:52:38.751Z] [functions] service account IAM check errored, deploy may fail: Request to https://iam.googleapis.com/v1/projects/repozytorium-binarne/serviceAccounts/repozytorium-binarne@appspot.gserviceaccount.com:testIamPermissions had HTTP Error: 404, Unknown service account {"name":"FirebaseError","children":[],"context":{"body":{"error":{"code":404,"message":"Unknown service account","status":"NOT_FOUND"}},"response":{"statusCode":404}},"exit":1,"message":"Request to https://iam.googleapis.com/v1/projects/repozytorium-binarne/serviceAccounts/repozytorium-binarne@appspot.gserviceaccount.com:testIamPermissions had HTTP Error: 404, Unknown service account","status":404}
[info] 
[info] === Deploying to 'repozytorium-binarne'...
[info] 
[info] i  deploying functions 
[info] +  functions: Finished running predeploy script. 
[debug] [2026-01-21T23:52:38.757Z] Checked if tokens are valid: true, expires at: 1769043121539
[debug] [2026-01-21T23:52:38.757Z] Checked if tokens are valid: true, expires at: 1769043121539
[debug] [2026-01-21T23:52:38.757Z] >>> [apiv2][query] GET https://cloudresourcemanager.googleapis.com/v1/projects/repozytorium-binarne [none]
[debug] [2026-01-21T23:52:38.948Z] <<< [apiv2][status] GET https://cloudresourcemanager.googleapis.com/v1/projects/repozytorium-binarne 200
[debug] [2026-01-21T23:52:38.948Z] <<< [apiv2][body] GET https://cloudresourcemanager.googleapis.com/v1/projects/repozytorium-binarne {"projectNumber":"309976053778","projectId":"repozytorium-binarne","lifecycleState":"ACTIVE","name":"repozytorium-binarne","labels":{"firebase":"enabled","firebase-core":"disabled"},"createTime":"2026-01-03T13:09:48.350814Z"}
[info] i  functions: preparing codebase default for deployment 
[info] i  functions: ensuring required API cloudfunctions.googleapis.com is enabled... 
[info] i  functions: ensuring required API cloudbuild.googleapis.com is enabled... 
[info] i  artifactregistry: ensuring required API artifactregistry.googleapis.com is enabled... 
[debug] [2026-01-21T23:52:38.951Z] Checked if tokens are valid: true, expires at: 1769043121539
[debug] [2026-01-21T23:52:38.951Z] Checked if tokens are valid: true, expires at: 1769043121539
[debug] [2026-01-21T23:52:38.951Z] >>> [apiv2][query] GET https://firebase.googleapis.com/v1beta1/projects/repozytorium-binarne/adminSdkConfig [none]
[debug] [2026-01-21T23:52:39.510Z] <<< [apiv2][status] GET https://firebase.googleapis.com/v1beta1/projects/repozytorium-binarne/adminSdkConfig 200
[debug] [2026-01-21T23:52:39.510Z] <<< [apiv2][body] GET https://firebase.googleapis.com/v1beta1/projects/repozytorium-binarne/adminSdkConfig {"projectId":"repozytorium-binarne","storageBucket":"repozytorium-binarne.firebasestorage.app"}
[debug] [2026-01-21T23:52:39.511Z] Checked if tokens are valid: true, expires at: 1769043121539
[debug] [2026-01-21T23:52:39.511Z] Checked if tokens are valid: true, expires at: 1769043121539
[debug] [2026-01-21T23:52:39.511Z] >>> [apiv2][query] GET https://runtimeconfig.googleapis.com/v1beta1/projects/repozytorium-binarne/configs [none]
[debug] [2026-01-21T23:52:39.871Z] <<< [apiv2][status] GET https://runtimeconfig.googleapis.com/v1beta1/projects/repozytorium-binarne/configs 200
[debug] [2026-01-21T23:52:39.872Z] <<< [apiv2][body] GET https://runtimeconfig.googleapis.com/v1beta1/projects/repozytorium-binarne/configs {}
[debug] [2026-01-21T23:52:39.876Z] Validating nodejs source
[warn] !  functions: Couldn't find firebase-functions package in your source code. Have you run 'npm install'? 
[debug] [2026-01-21T23:52:39.880Z] getFunctionsSDKVersion encountered error: Cannot find module 'firebase-functions'
Require stack:
- C:\Users\wojte\AppData\Roaming\npm\node_modules\firebase-tools\lib\deploy\functions\runtimes\node\versioning.js
- C:\Users\wojte\AppData\Roaming\npm\node_modules\firebase-tools\lib\deploy\functions\runtimes\node\index.js
- C:\Users\wojte\AppData\Roaming\npm\node_modules\firebase-tools\lib\deploy\functions\runtimes\index.js
- C:\Users\wojte\AppData\Roaming\npm\node_modules\firebase-tools\lib\deploy\functions\prepare.js
- C:\Users\wojte\AppData\Roaming\npm\node_modules\firebase-tools\lib\emulator\functionsEmulatorShared.js
- C:\Users\wojte\AppData\Roaming\npm\node_modules\firebase-tools\lib\frameworks\index.js
- C:\Users\wojte\AppData\Roaming\npm\node_modules\firebase-tools\lib\deploy\hosting\prepare.js
- C:\Users\wojte\AppData\Roaming\npm\node_modules\firebase-tools\lib\deploy\hosting\index.js
- C:\Users\wojte\AppData\Roaming\npm\node_modules\firebase-tools\lib\deploy\index.js
- C:\Users\wojte\AppData\Roaming\npm\node_modules\firebase-tools\lib\commands\deploy.js
- C:\Users\wojte\AppData\Roaming\npm\node_modules\firebase-tools\lib\commands\index.js
- C:\Users\wojte\AppData\Roaming\npm\node_modules\firebase-tools\lib\index.js
- C:\Users\wojte\AppData\Roaming\npm\node_modules\firebase-tools\lib\bin\cli.js
- C:\Users\wojte\AppData\Roaming\npm\node_modules\firebase-tools\lib\bin\firebase.js {"code":"MODULE_NOT_FOUND","requireStack":["C:\\Users\\wojte\\AppData\\Roaming\\npm\\node_modules\\firebase-tools\\lib\\deploy\\functions\\runtimes\\node\\versioning.js","C:\\Users\\wojte\\AppData\\Roaming\\npm\\node_modules\\firebase-tools\\lib\\deploy\\functions\\runtimes\\node\\index.js","C:\\Users\\wojte\\AppData\\Roaming\\npm\\node_modules\\firebase-tools\\lib\\deploy\\functions\\runtimes\\index.js","C:\\Users\\wojte\\AppData\\Roaming\\npm\\node_modules\\firebase-tools\\lib\\deploy\\functions\\prepare.js","C:\\Users\\wojte\\AppData\\Roaming\\npm\\node_modules\\firebase-tools\\lib\\emulator\\functionsEmulatorShared.js","C:\\Users\\wojte\\AppData\\Roaming\\npm\\node_modules\\firebase-tools\\lib\\frameworks\\index.js","C:\\Users\\wojte\\AppData\\Roaming\\npm\\node_modules\\firebase-tools\\lib\\deploy\\hosting\\prepare.js","C:\\Users\\wojte\\AppData\\Roaming\\npm\\node_modules\\firebase-tools\\lib\\deploy\\hosting\\index.js","C:\\Users\\wojte\\AppData\\Roaming\\npm\\node_modules\\firebase-tools\\lib\\deploy\\index.js","C:\\Users\\wojte\\AppData\\Roaming\\npm\\node_modules\\firebase-tools\\lib\\commands\\deploy.js","C:\\Users\\wojte\\AppData\\Roaming\\npm\\node_modules\\firebase-tools\\lib\\commands\\index.js","C:\\Users\\wojte\\AppData\\Roaming\\npm\\node_modules\\firebase-tools\\lib\\index.js","C:\\Users\\wojte\\AppData\\Roaming\\npm\\node_modules\\firebase-tools\\lib\\bin\\cli.js","C:\\Users\\wojte\\AppData\\Roaming\\npm\\node_modules\\firebase-tools\\lib\\bin\\firebase.js"]}
[debug] [2026-01-21T23:52:39.881Z] checkFunctionsSDKVersion encountered error: Invalid Version:  {}
[debug] [2026-01-21T23:52:39.882Z] > [functions] package.json contents: {
  "name": "functions",
  "description": "Cloud Functions for Firebase",
  "scripts": {
    "lint": "eslint .",
    "serve": "firebase emulators:start --only functions",
    "shell": "firebase functions:shell",
    "start": "npm run shell",
    "deploy": "firebase deploy --only functions",
    "logs": "firebase functions:log"
  },
  "engines": {
    "node": "24"
  },
  "main": "index.js",
  "dependencies": {
    "firebase-admin": "^13.6.0",
    "firebase-functions": "^7.0.0"
  },
  "devDependencies": {
    "eslint": "^8.15.0",
    "eslint-config-google": "^0.14.0",
    "firebase-functions-test": "^3.4.1"
  },
  "private": true
}
[debug] [2026-01-21T23:52:39.883Z] Building nodejs source
[info] i  functions: Loading and analyzing source code for codebase default to determine what to deploy 
[debug] [2026-01-21T23:52:39.884Z] Could not parse firebase-functions version '' into semver.
[debug] [2026-01-21T23:52:39.886Z] Could not find functions.yaml. Must use http discovery
[debug] [2026-01-21T23:52:39.897Z] Error: Cannot find module 'firebase-functions'
Require stack:
- C:\Users\wojte\AppData\Roaming\npm\node_modules\firebase-tools\lib\deploy\functions\runtimes\node\index.js
- C:\Users\wojte\AppData\Roaming\npm\node_modules\firebase-tools\lib\deploy\functions\runtimes\index.js
- C:\Users\wojte\AppData\Roaming\npm\node_modules\firebase-tools\lib\deploy\functions\prepare.js
- C:\Users\wojte\AppData\Roaming\npm\node_modules\firebase-tools\lib\emulator\functionsEmulatorShared.js
- C:\Users\wojte\AppData\Roaming\npm\node_modules\firebase-tools\lib\frameworks\index.js
- C:\Users\wojte\AppData\Roaming\npm\node_modules\firebase-tools\lib\deploy\hosting\prepare.js
- C:\Users\wojte\AppData\Roaming\npm\node_modules\firebase-tools\lib\deploy\hosting\index.js
- C:\Users\wojte\AppData\Roaming\npm\node_modules\firebase-tools\lib\deploy\index.js
- C:\Users\wojte\AppData\Roaming\npm\node_modules\firebase-tools\lib\commands\deploy.js
- C:\Users\wojte\AppData\Roaming\npm\node_modules\firebase-tools\lib\commands\index.js
- C:\Users\wojte\AppData\Roaming\npm\node_modules\firebase-tools\lib\index.js
- C:\Users\wojte\AppData\Roaming\npm\node_modules\firebase-tools\lib\bin\cli.js
- C:\Users\wojte\AppData\Roaming\npm\node_modules\firebase-tools\lib\bin\firebase.js
    at Module._resolveFilename (node:internal/modules/cjs/loader:1421:15)
    at require.resolve (node:internal/modules/helpers:163:19)
    at Delegate.findFunctionsBinary (C:\Users\wojte\AppData\Roaming\npm\node_modules\firebase-tools\lib\deploy\functions\runtimes\node\index.js:101:33)
    at Delegate.spawnFunctionsProcess (C:\Users\wojte\AppData\Roaming\npm\node_modules\firebase-tools\lib\deploy\functions\runtimes\node\index.js:131:30)
    at Delegate.serveAdmin (C:\Users\wojte\AppData\Roaming\npm\node_modules\firebase-tools\lib\deploy\functions\runtimes\node\index.js:152:35)
    at Delegate.discoverBuild (C:\Users\wojte\AppData\Roaming\npm\node_modules\firebase-tools\lib\deploy\functions\runtimes\node\index.js:192:41)
    at process.processTicksAndRejections (node:internal/process/task_queues:103:5)
    at async loadCodebases (C:\Users\wojte\AppData\Roaming\npm\node_modules\firebase-tools\lib\deploy\functions\prepare.js:330:33)
    at async prepare (C:\Users\wojte\AppData\Roaming\npm\node_modules\firebase-tools\lib\deploy\functions\prepare.js:69:24)
    at async chain (C:\Users\wojte\AppData\Roaming\npm\node_modules\firebase-tools\lib\deploy\index.js:43:9)
[error] 
[error] Error: An unexpected error has occurred.
