{"logTime": "0121/200604", "correlationVector":"B26ASNZhI91Igpvyi6yJ4/.1","action":"SyncServerConnectionManagerRequest", "result":"SYNC_SERVER_OK", "context":{"environment":"Prod_westeurope_prod-s01-080-eur-westeurope", "migrationStage":"NotStarted", "server":"akswtt11100000o"}}
{"logTime": "0121/200605", "correlationVector":"B26ASNZhI91Igpvyi6yJ4/.2","action":"AAD.Mip.Unpack", "result":"Success", "context":MIP_CLOUD_COMMERCIAL:Success}
{"logTime": "0121/200605", "correlationVector":"B26ASNZhI91Igpvyi6yJ4/.3","action":"EncryptionKeysManager::SetEncryptionKeys:", "result":"Success", "context":Key names[10]:[edOYPOZUqMP9HPNY43TzcZpQZrJP6cWoHD367KcYSfB2GarpCpPSzHdOr1Lddgxas7XpogbZII6wox6r50et+g==][NZRfhBARXg947TsVX5EMKdsAr+o5fgKWHIRbN68NTSSNGN4JI7UQb/GN29TNB+lRKieaLzfIl3xo8Alqoad1Qg==][IPV+J25T3qs3xBDgVYU188iOfYtRAF6VYwYn2sIkBRYeaX78pzNbo++k0X2YU8h8QVMt7rzXdaox73rWe0XmnQ==][Mq6nATuBFshQdOwRt2LikGP3YE/PhV5QgkWgLJppO/mAiiQyCDSpRxd45Ac+rQTyK+o9qJhQrBSjCrZW7FGBWg==][kO5PsNuUrueQK92Q1vG5ivDrVHBiC2KGUWo6gqewTWRjCaWVGkvoreHzIPfZC3MK+Ur0iAwqFEPpYkSRhhpzFw==][oK3nZ2+uxuuoaQ3wz8Psu31hsOrjTdSuFUDMN057E937JKmYjTcEQbZvUoQbwCx2H+342Ac6Vu2tKNgwC298dQ==][OTto1OsYjQkd9YnAFV6qgTXEYy57q2l9DHcgDsdpUYqYNt7ds5hZXprW5OQTS4N4QHxOHJpHU2iZyCJfSTlp6A==][ts8axPhMUrrXEHtu25NgPuuVSFHhX4JmJGvS69ooqc0xvsI3sD6JMidkm9r1a7wkTZ0VUKhByM0VYyIEtI+cZw==][+EUImn9knBux5kA/DrCpI/Ykf+TnvE0a1prDvyXPDOJrF9k+dqGFKaPUIiJm/5lpTihU+VpS+PLjooSWLHe/vg==][IpGkNu9Q4p9V2WhbZLz5g/11/OclXyaDES7bsPIhr711x4dub2dDfckl6TzwESbBR0awSoiygcDhSwj+Lpj84g==]}
{"logTime": "0121/200605", "correlationVector":"B26ASNZhI91Igpvyi6yJ4/.4","action":"AAD.GetKeyResponse", "result":"Success", "context":Keys=10.LastKeyStatus=Active. 2026-01-21 20:50:19 +01.State=None. Tags: Current_encryption_keys_tag = 77+977+9be+/ve+/vRXvv70777+9Ke+/ve+/vVYlKFZh77+9SSnvv70sQ++/ve+/vdawLTTvv70r, Updated_current_encryption_keys_tag = Empty. Emails: ["ul0255145@edu.uni.lodz.pl"]}
{"logTime": "0121/200605", "correlationVector":"B26ASNZhI91Igpvyi6yJ4/.5","action":"ProcessGetUpdates", "result":"Done", "context":{"dataType":"Encryption Keys", "deleted":"0", "process_failed_to_decrypt":"0", "process_pending_decryption":"0", "process_success":"1", "total":"1"}}
{"logTime": "0121/200605", "correlationVector":"B26ASNZhI91Igpvyi6yJ4/","action":"Initial GetUpdates", "result":"", "context":Reason: NEW_CLIENT. cV=B26ASNZhI91Igpvyi6yJ4/}
{"logTime": "0121/200605", "correlationVector":"B26ASNZhI91Igpvyi6yJ4/.6","action":"GetUpdates Response", "result":"Success", "context":Received 1 update(s). cV=B26ASNZhI91Igpvyi6yJ4/.0;server=akswtt11100000o;cloudType=Multitenant;environment=Prod_westeurope_prod-s01-080-eur-westeurope;migrationStage=NotStarted}
{"logTime": "0121/200605", "correlationVector":"srNA8JQR8T/azE5oGIg+b7","action":"Initial GetUpdates", "result":"", "context":Reason: NEW_CLIENT. cV=srNA8JQR8T/azE5oGIg+b7}
{"logTime": "0121/200605", "correlationVector":"srNA8JQR8T/azE5oGIg+b7.1","action":"SyncServerConnectionManagerRequest", "result":"SYNC_SERVER_OK", "context":{"environment":"Prod_germanywestcentral_prod-s01-010-eur-germanywestcentral", "migrationStage":"NotStarted", "server":"akswtt10900000w"}}
{"logTime": "0121/200605", "correlationVector":"srNA8JQR8T/azE5oGIg+b7.2","action":"ProcessGetUpdates", "result":"Done", "context":{"dataType":"Preferences", "deleted":"0", "process_failed_to_decrypt":"0", "process_pending_decryption":"0", "process_success":"44", "total":"44"}}
{"logTime": "0121/200605", "correlationVector":"srNA8JQR8T/azE5oGIg+b7.3","action":"ProcessGetUpdates", "result":"Done", "context":{"dataType":"Passwords", "deleted":"0", "process_failed_to_decrypt":"0", "process_pending_decryption":"0", "process_success":"3", "total":"3"}}
{"logTime": "0121/200605", "correlationVector":"srNA8JQR8T/azE5oGIg+b7.4","action":"GetUpdates Response", "result":"Success", "context":Received 47 update(s). cV=srNA8JQR8T/azE5oGIg+b7.0;server=akswtt10900000w;cloudType=Multitenant;environment=Prod_germanywestcentral_prod-s01-010-eur-germanywestcentral;migrationStage=NotStarted}
{"logTime": "0121/200605", "correlationVector":"gzZSWi84QZ3qvdoQ0mXoac","action":"Initial GetUpdates", "result":"", "context":Reason: NEW_CLIENT. cV=gzZSWi84QZ3qvdoQ0mXoac}
{"logTime": "0121/200605", "correlationVector":"gzZSWi84QZ3qvdoQ0mXoac.1","action":"SyncServerConnectionManagerRequest", "result":"SYNC_SERVER_OK", "context":{"environment":"Prod_germanywestcentral_prod-s01-010-eur-germanywestcentral", "migrationStage":"NotStarted", "server":"akswtt10900000l"}}
{"logTime": "0121/200605", "correlationVector":"gzZSWi84QZ3qvdoQ0mXoac.2","action":"ProcessGetUpdates", "result":"Done", "context":{"dataType":"Bookmarks", "deleted":"0", "process_failed_to_decrypt":"0", "process_pending_decryption":"0", "process_success":"6", "total":"6"}}
{"logTime": "0121/200605", "correlationVector":"gzZSWi84QZ3qvdoQ0mXoac.3","action":"GetUpdates Response", "result":"Success", "context":Received 6 update(s). cV=gzZSWi84QZ3qvdoQ0mXoac.0;server=akswtt10900000l;cloudType=Multitenant;environment=Prod_germanywestcentral_prod-s01-010-eur-germanywestcentral;migrationStage=NotStarted}
{"logTime": "0121/200605", "correlationVector":"mB/a94UQc/+G/LKqVuP3Ug","action":"Initial GetUpdates", "result":"", "context":Reason: NEW_CLIENT. cV=mB/a94UQc/+G/LKqVuP3Ug}
{"logTime": "0121/200605", "correlationVector":"mB/a94UQc/+G/LKqVuP3Ug.1","action":"SyncServerConnectionManagerRequest", "result":"SYNC_SERVER_OK", "context":{"environment":"Prod_germanywestcentral_prod-s01-010-eur-germanywestcentral", "migrationStage":"NotStarted", "server":"akswtt109000006"}}
{"logTime": "0121/200605", "correlationVector":"mB/a94UQc/+G/LKqVuP3Ug.2","action":"ProcessGetUpdates", "result":"Done", "context":{"dataType":"Autofill Profiles", "deleted":"0", "process_failed_to_decrypt":"0", "process_pending_decryption":"0", "process_success":"2", "total":"2"}}
{"logTime": "0121/200605", "correlationVector":"mB/a94UQc/+G/LKqVuP3Ug.3","action":"ProcessGetUpdates", "result":"Done", "context":{"dataType":"Autofill", "deleted":"0", "process_failed_to_decrypt":"0", "process_pending_decryption":"0", "process_success":"1", "total":"1"}}
{"logTime": "0121/200605", "correlationVector":"mB/a94UQc/+G/LKqVuP3Ug.4","action":"ProcessGetUpdates", "result":"Done", "context":{"dataType":"Extensions", "deleted":"0", "process_failed_to_decrypt":"0", "process_pending_decryption":"0", "process_success":"1", "total":"1"}}
{"logTime": "0121/200605", "correlationVector":"mB/a94UQc/+G/LKqVuP3Ug.5","action":"ProcessGetUpdates", "result":"Done", "context":{"dataType":"Sessions", "deleted":"0", "process_failed_to_decrypt":"0", "process_pending_decryption":"0", "process_success":"2", "total":"2"}}
{"logTime": "0121/200605", "correlationVector":"mB/a94UQc/+G/LKqVuP3Ug.6","action":"GetUpdates Response", "result":"Success", "context":Received 6 update(s). cV=mB/a94UQc/+G/LKqVuP3Ug.0;server=akswtt109000006;cloudType=Multitenant;environment=Prod_germanywestcentral_prod-s01-010-eur-germanywestcentral;migrationStage=NotStarted}
{"logTime": "0121/200605", "correlationVector":"5cKH01LpIcWaUKzU/QBDTR","action":"Initial GetUpdates", "result":"", "context":Reason: NEW_CLIENT. cV=5cKH01LpIcWaUKzU/QBDTR}
{"logTime": "0121/200605", "correlationVector":"5cKH01LpIcWaUKzU/QBDTR.1","action":"SyncServerConnectionManagerRequest", "result":"SYNC_SERVER_OK", "context":{"environment":"Prod_germanywestcentral_prod-s01-010-eur-germanywestcentral", "migrationStage":"NotStarted", "server":"akswtt109000003"}}
{"logTime": "0121/200605", "correlationVector":"5cKH01LpIcWaUKzU/QBDTR.2","action":"ProcessGetUpdates", "result":"Done", "context":{"dataType":"History", "deleted":"0", "process_failed_to_decrypt":"0", "process_pending_decryption":"0", "process_success":"1", "total":"1"}}
{"logTime": "0121/200605", "correlationVector":"5cKH01LpIcWaUKzU/QBDTR.3","action":"GetUpdates Response", "result":"Success", "context":Received 1 update(s). cV=5cKH01LpIcWaUKzU/QBDTR.0;server=akswtt109000003;cloudType=Multitenant;environment=Prod_germanywestcentral_prod-s01-010-eur-germanywestcentral;migrationStage=NotStarted}
{"logTime": "0121/200605", "correlationVector":"etsH4GphpMM99kWxhmjTEC","action":"Normal GetUpdate request", "result":"", "context":cV=etsH4GphpMM99kWxhmjTEC
Nudged types: Sessions, Device Info, User Consents
Refresh requested types: Bookmarks, Preferences, Passwords, Autofill Profiles, Autofill, Extensions, Sessions, Extension settings, History Delete Directives, Device Info, User Consents, Send Tab To Self, Web Apps, History, Saved Tab Group, WebAuthn Credentials, Collection, Edge E Drop, Edge Hub App Usage, Edge Wallet, Encryption Keys}
{"logTime": "0121/200606", "correlationVector":"etsH4GphpMM99kWxhmjTEC.1","action":"SyncServerConnectionManagerRequest", "result":"SYNC_SERVER_OK", "context":{"environment":"Prod_germanywestcentral_prod-s01-010-eur-germanywestcentral", "migrationStage":"NotStarted", "server":"akswtt109000005"}}
{"logTime": "0121/200606", "correlationVector":"etsH4GphpMM99kWxhmjTEC.2","action":"GetUpdates Response", "result":"Success", "context":Received 0 update(s). cV=etsH4GphpMM99kWxhmjTEC.0;server=akswtt109000005;cloudType=Multitenant;environment=Prod_germanywestcentral_prod-s01-010-eur-germanywestcentral;migrationStage=NotStarted}
{"logTime": "0121/200606", "correlationVector":"+02OdvwDSUYlY+CqbEaRyX","action":"DoCompareDataConsistency requsted types: ", "result":"Bookmarks, Preferences, Passwords, Extensions, Extension settings, History Delete Directives, Send Tab To Self, Web Apps, History, Saved Tab Group, WebAuthn Credentials, Collection, Edge E Drop, Edge Wallet, Encryption Keys"}
{"logTime": "0121/200606", "correlationVector":"+02OdvwDSUYlY+CqbEaRyX.0","action":"CompareDataConsistency result: ", "result":"Compare result: Encryption Keys is consistent. local entities count is: 1 local entities hash is: WdO+U9+2frRTMBBPw1VKZQna0a8="}
{"logTime": "0121/200606", "correlationVector":"+02OdvwDSUYlY+CqbEaRyX.1","action":"CompareDataConsistency result: ", "result":"Compare result: Bookmarks is consistent. local entities count is: 0 local entities hash is: "}
{"logTime": "0121/200606", "correlationVector":"+02OdvwDSUYlY+CqbEaRyX.2","action":"CompareDataConsistency result: ", "result":"Compare result: Preferences is consistent. local entities count is: 44 local entities hash is: 1wiyut9nUaKFgH+siQYv9R7SAeg="}
{"logTime": "0121/200606", "correlationVector":"+02OdvwDSUYlY+CqbEaRyX.3","action":"CompareDataConsistency result: ", "result":"Compare result: Passwords is consistent. local entities count is: 3 local entities hash is: APkyWhZyBaB1EUSzBj44VOxbQKI="}
{"logTime": "0121/200606", "correlationVector":"+02OdvwDSUYlY+CqbEaRyX.4","action":"CompareDataConsistency result: ", "result":"Compare result: Extensions is consistent. local entities count is: 1 local entities hash is: absG800/Fnb11DYyKtVPq4hsGPs="}
{"logTime": "0121/200606", "correlationVector":"+02OdvwDSUYlY+CqbEaRyX.5","action":"CompareDataConsistency result: ", "result":"Compare result: Extension settings is consistent. local entities count is: 0 local entities hash is: "}
{"logTime": "0121/200606", "correlationVector":"+02OdvwDSUYlY+CqbEaRyX.6","action":"CompareDataConsistency result: ", "result":"Compare result: History Delete Directives is consistent. local entities count is: 0 local entities hash is: "}
{"logTime": "0121/200606", "correlationVector":"+02OdvwDSUYlY+CqbEaRyX.7","action":"CompareDataConsistency result: ", "result":"Server did not send this Send Tab To Self local entities count is: 0 local entities hash is: "}
{"logTime": "0121/200606", "correlationVector":"+02OdvwDSUYlY+CqbEaRyX.8","action":"CompareDataConsistency result: ", "result":"Compare result: Web Apps is consistent. local entities count is: 0 local entities hash is: "}
{"logTime": "0121/200606", "correlationVector":"+02OdvwDSUYlY+CqbEaRyX.9","action":"CompareDataConsistency result: ", "result":"Server did not send this History local entities count is: 0 local entities hash is: "}
{"logTime": "0121/200606", "correlationVector":"+02OdvwDSUYlY+CqbEaRyX.10","action":"CompareDataConsistency result: ", "result":"Compare result: Saved Tab Group is consistent. local entities count is: 0 local entities hash is: "}
{"logTime": "0121/200606", "correlationVector":"+02OdvwDSUYlY+CqbEaRyX.11","action":"CompareDataConsistency result: ", "result":"Server did not send this WebAuthn Credentials local entities count is: 0 local entities hash is: "}
{"logTime": "0121/200606", "correlationVector":"+02OdvwDSUYlY+CqbEaRyX.12","action":"CompareDataConsistency result: ", "result":"Compare result: Collection is consistent. local entities count is: 0 local entities hash is: "}
{"logTime": "0121/200606", "correlationVector":"+02OdvwDSUYlY+CqbEaRyX.13","action":"CompareDataConsistency result: ", "result":"Compare result: Edge E Drop is consistent. local entities count is: 0 local entities hash is: "}
{"logTime": "0121/200606", "correlationVector":"+02OdvwDSUYlY+CqbEaRyX.14","action":"CompareDataConsistency result: ", "result":"Compare result: Edge Wallet is consistent. local entities count is: 0 local entities hash is: "}
{"logTime": "0121/200606", "correlationVector":"/sMPZjdeP+l8iTd3QZUGCS","action":"Commit Request", "result":"", "context":Item count: 4
Contributing types: Sessions, Device Info, User Consents}
{"logTime": "0121/200606", "correlationVector":"/sMPZjdeP+l8iTd3QZUGCS.1","action":"SyncServerConnectionManagerRequest", "result":"SYNC_SERVER_OK", "context":{"environment":"Prod_germanywestcentral_prod-s01-010-eur-germanywestcentral", "migrationStage":"NotStarted", "server":"akswtt10900000b"}}
{"logTime": "0121/200606", "correlationVector":"/sMPZjdeP+l8iTd3QZUGCS.2","action":"Commit Response", "result":"Success", "context":Result: Success. cV=/sMPZjdeP+l8iTd3QZUGCS.0;server=akswtt10900000b;cloudType=Multitenant;environment=Prod_germanywestcentral_prod-s01-010-eur-germanywestcentral;migrationStage=NotStarted}
{"logTime": "0121/200606", "correlationVector":"","action":"DIAGNOSTIC_REQUEST|v1/diagnosticData/Diagnostic.SendCheckResult()|SUCCESS", "result":""}
{"logTime": "0121/200606", "correlationVector":"/hA/+O5DEp1RjAjy+Paxmc","action":"Commit Request", "result":"", "context":Item count: 1
Contributing types: Preferences}
{"logTime": "0121/200607", "correlationVector":"/hA/+O5DEp1RjAjy+Paxmc.1","action":"SyncServerConnectionManagerRequest", "result":"SYNC_SERVER_OK", "context":{"environment":"Prod_westeurope_prod-s01-080-eur-westeurope", "migrationStage":"NotStarted", "server":"akswtt11100000w"}}
{"logTime": "0121/200607", "correlationVector":"/hA/+O5DEp1RjAjy+Paxmc.2","action":"Commit Response", "result":"Success", "context":Result: Success. cV=/hA/+O5DEp1RjAjy+Paxmc.0;server=akswtt11100000w;cloudType=Multitenant;environment=Prod_westeurope_prod-s01-080-eur-westeurope;migrationStage=NotStarted}
{"logTime": "0121/200607", "correlationVector":"Xl2lv9vLqVwfeXDshYWTOu","action":"Commit Request", "result":"", "context":Item count: 1
Contributing types: User Consents}
{"logTime": "0121/200607", "correlationVector":"Xl2lv9vLqVwfeXDshYWTOu.1","action":"SyncServerConnectionManagerRequest", "result":"SYNC_SERVER_OK", "context":{"environment":"Prod_westeurope_prod-s01-080-eur-westeurope", "migrationStage":"NotStarted", "server":"akswtt11100000v"}}
{"logTime": "0121/200607", "correlationVector":"Xl2lv9vLqVwfeXDshYWTOu.2","action":"Commit Response", "result":"Success", "context":Result: Success. cV=Xl2lv9vLqVwfeXDshYWTOu.0;server=akswtt11100000v;cloudType=Multitenant;environment=Prod_westeurope_prod-s01-080-eur-westeurope;migrationStage=NotStarted}
{"logTime": "0121/200821", "correlationVector":"CIaF52DRYTkDImyH1+DOmO","action":"Commit Request", "result":"", "context":Item count: 4
Contributing types: Preferences, Sessions, History}
{"logTime": "0121/200821", "correlationVector":"CIaF52DRYTkDImyH1+DOmO.1","action":"SyncServerConnectionManagerRequest", "result":"SYNC_SERVER_OK", "context":{"environment":"Prod_westeurope_prod-s01-080-eur-westeurope", "migrationStage":"NotStarted", "server":"akswtt111000000"}}
{"logTime": "0121/200821", "correlationVector":"CIaF52DRYTkDImyH1+DOmO.2","action":"Commit Response", "result":"Success", "context":Result: Success. cV=CIaF52DRYTkDImyH1+DOmO.0;server=akswtt111000000;cloudType=Multitenant;environment=Prod_westeurope_prod-s01-080-eur-westeurope;migrationStage=NotStarted}
{"logTime": "0121/202607", "correlationVector":"WiYMHgA/1M0f1oaMgSHta2.1","action":"SyncServerConnectionManagerRequest", "result":"SYNC_SERVER_OK", "context":{"environment":"Prod_germanywestcentral_prod-s01-010-eur-germanywestcentral", "migrationStage":"NotStarted", "server":"akswtt10900000h"}}
{"logTime": "0121/202608", "correlationVector":"WiYMHgA/1M0f1oaMgSHta2.2","action":"AAD.Mip.Unpack", "result":"Success", "context":MIP_CLOUD_COMMERCIAL:Success}
{"logTime": "0121/202608", "correlationVector":"WiYMHgA/1M0f1oaMgSHta2.3","action":"EncryptionKeysManager::SetEncryptionKeys:", "result":"Success", "context":Key names[10]:[edOYPOZUqMP9HPNY43TzcZpQZrJP6cWoHD367KcYSfB2GarpCpPSzHdOr1Lddgxas7XpogbZII6wox6r50et+g==][NZRfhBARXg947TsVX5EMKdsAr+o5fgKWHIRbN68NTSSNGN4JI7UQb/GN29TNB+lRKieaLzfIl3xo8Alqoad1Qg==][IPV+J25T3qs3xBDgVYU188iOfYtRAF6VYwYn2sIkBRYeaX78pzNbo++k0X2YU8h8QVMt7rzXdaox73rWe0XmnQ==][Mq6nATuBFshQdOwRt2LikGP3YE/PhV5QgkWgLJppO/mAiiQyCDSpRxd45Ac+rQTyK+o9qJhQrBSjCrZW7FGBWg==][kO5PsNuUrueQK92Q1vG5ivDrVHBiC2KGUWo6gqewTWRjCaWVGkvoreHzIPfZC3MK+Ur0iAwqFEPpYkSRhhpzFw==][oK3nZ2+uxuuoaQ3wz8Psu31hsOrjTdSuFUDMN057E937JKmYjTcEQbZvUoQbwCx2H+342Ac6Vu2tKNgwC298dQ==][OTto1OsYjQkd9YnAFV6qgTXEYy57q2l9DHcgDsdpUYqYNt7ds5hZXprW5OQTS4N4QHxOHJpHU2iZyCJfSTlp6A==][ts8axPhMUrrXEHtu25NgPuuVSFHhX4JmJGvS69ooqc0xvsI3sD6JMidkm9r1a7wkTZ0VUKhByM0VYyIEtI+cZw==][+EUImn9knBux5kA/DrCpI/Ykf+TnvE0a1prDvyXPDOJrF9k+dqGFKaPUIiJm/5lpTihU+VpS+PLjooSWLHe/vg==][IpGkNu9Q4p9V2WhbZLz5g/11/OclXyaDES7bsPIhr711x4dub2dDfckl6TzwESbBR0awSoiygcDhSwj+Lpj84g==]}
{"logTime": "0121/202608", "correlationVector":"WiYMHgA/1M0f1oaMgSHta2.4","action":"AAD.GetKeyResponse", "result":"Success", "context":Keys=10.LastKeyStatus=Active. 2026-01-21 20:50:19 +01.State=None. Tags: Current_encryption_keys_tag = 77+977+9be+/ve+/vRXvv70777+9Ke+/ve+/vVYlKFZh77+9SSnvv70sQ++/ve+/vdawLTTvv70r, Updated_current_encryption_keys_tag = Empty. Emails: ["ul0255145@edu.uni.lodz.pl"]}
{"logTime": "0121/202608", "correlationVector":"WiYMHgA/1M0f1oaMgSHta2.5","action":"ProcessGetUpdates", "result":"Done", "context":{"dataType":"Encryption Keys", "deleted":"0", "process_failed_to_decrypt":"0", "process_pending_decryption":"0", "process_success":"1", "total":"1"}}
{"logTime": "0121/202608", "correlationVector":"WiYMHgA/1M0f1oaMgSHta2","action":"Initial GetUpdates", "result":"", "context":Reason: NEW_CLIENT. cV=WiYMHgA/1M0f1oaMgSHta2}
{"logTime": "0121/202608", "correlationVector":"WiYMHgA/1M0f1oaMgSHta2.6","action":"GetUpdates Response", "result":"Success", "context":Received 1 update(s). cV=WiYMHgA/1M0f1oaMgSHta2.0;server=akswtt10900000h;cloudType=Multitenant;environment=Prod_germanywestcentral_prod-s01-010-eur-germanywestcentral;migrationStage=NotStarted}
{"logTime": "0121/202608", "correlationVector":"eYs7D3qmPhOzIViESVlbL5","action":"Initial GetUpdates", "result":"", "context":Reason: NEWLY_SUPPORTED_DATATYPE. cV=eYs7D3qmPhOzIViESVlbL5}
{"logTime": "0121/202608", "correlationVector":"eYs7D3qmPhOzIViESVlbL5.1","action":"SyncServerConnectionManagerRequest", "result":"SYNC_SERVER_OK", "context":{"environment":"Prod_germanywestcentral_prod-s01-010-eur-germanywestcentral", "migrationStage":"NotStarted", "server":"akswtt10900000x"}}
{"logTime": "0121/202608", "correlationVector":"eYs7D3qmPhOzIViESVlbL5.2","action":"ProcessGetUpdates", "result":"Done", "context":{"dataType":"Passwords", "deleted":"0", "process_failed_to_decrypt":"0", "process_pending_decryption":"0", "process_success":"3", "total":"3"}}
{"logTime": "0121/202608", "correlationVector":"eYs7D3qmPhOzIViESVlbL5.3","action":"GetUpdates Response", "result":"Success", "context":Received 3 update(s). cV=eYs7D3qmPhOzIViESVlbL5.0;server=akswtt10900000x;cloudType=Multitenant;environment=Prod_germanywestcentral_prod-s01-010-eur-germanywestcentral;migrationStage=NotStarted}
{"logTime": "0121/202608", "correlationVector":"ZaTah0jWT0Y6x89tFJ0s2i","action":"Normal GetUpdate request", "result":"", "context":cV=ZaTah0jWT0Y6x89tFJ0s2i
Nudged types: Sessions, Device Info, History
Refresh requested types: Bookmarks, Preferences, Passwords, Autofill Profiles, Autofill, Extensions, Sessions, Extension settings, History Delete Directives, Device Info, User Consents, Send Tab To Self, Web Apps, History, Saved Tab Group, WebAuthn Credentials, Collection, Edge E Drop, Edge Hub App Usage, Edge Wallet, Encryption Keys}
{"logTime": "0121/202608", "correlationVector":"ZaTah0jWT0Y6x89tFJ0s2i.1","action":"SyncServerConnectionManagerRequest", "result":"SYNC_SERVER_OK", "context":{"environment":"Prod_westeurope_prod-s01-080-eur-westeurope", "migrationStage":"NotStarted", "server":"akswtt11100000a"}}
{"logTime": "0121/202608", "correlationVector":"ZaTah0jWT0Y6x89tFJ0s2i.2","action":"ProcessGetUpdates", "result":"Done", "context":{"dataType":"Preferences", "deleted":"0", "process_failed_to_decrypt":"0", "process_pending_decryption":"0", "process_success":"2", "total":"2"}}
{"logTime": "0121/202608", "correlationVector":"ZaTah0jWT0Y6x89tFJ0s2i.3","action":"ProcessGetUpdates", "result":"Done", "context":{"dataType":"Autofill Profiles", "deleted":"2", "process_failed_to_decrypt":"0", "process_pending_decryption":"0", "process_success":"2", "total":"2"}}
{"logTime": "0121/202608", "correlationVector":"ZaTah0jWT0Y6x89tFJ0s2i.4","action":"ProcessGetUpdates", "result":"Done", "context":{"dataType":"Sessions", "deleted":"0", "process_failed_to_decrypt":"0", "process_pending_decryption":"0", "process_success":"2", "total":"2"}}
{"logTime": "0121/202608", "correlationVector":"ZaTah0jWT0Y6x89tFJ0s2i.5","action":"ProcessGetUpdates", "result":"Done", "context":{"dataType":"History", "deleted":"0", "process_failed_to_decrypt":"0", "process_pending_decryption":"0", "process_success":"3", "total":"3"}}
{"logTime": "0121/202608", "correlationVector":"ZaTah0jWT0Y6x89tFJ0s2i.6","action":"GetUpdates Response", "result":"Success", "context":Received 9 update(s). cV=ZaTah0jWT0Y6x89tFJ0s2i.0;server=akswtt11100000a;cloudType=Multitenant;environment=Prod_westeurope_prod-s01-080-eur-westeurope;migrationStage=NotStarted}
{"logTime": "0121/202608", "correlationVector":"NmB+h2pX+7/PhD0ScSykhi","action":"Commit Request", "result":"", "context":Item count: 1
Contributing types: Device Info}
{"logTime": "0121/202608", "correlationVector":"NmB+h2pX+7/PhD0ScSykhi.1","action":"SyncServerConnectionManagerRequest", "result":"SYNC_SERVER_OK", "context":{"environment":"Prod_westeurope_prod-s01-080-eur-westeurope", "migrationStage":"NotStarted", "server":"akswtt11100000u"}}
{"logTime": "0121/202608", "correlationVector":"NmB+h2pX+7/PhD0ScSykhi.2","action":"Commit Response", "result":"Success", "context":Result: Success. cV=NmB+h2pX+7/PhD0ScSykhi.0;server=akswtt11100000u;cloudType=Multitenant;environment=Prod_westeurope_prod-s01-080-eur-westeurope;migrationStage=NotStarted}
{"logTime": "0124/203417", "correlationVector":"tm7CLtKFHpf9z5SYzqcpr0.1","action":"SyncServerConnectionManagerRequest", "result":"SYNC_SERVER_OK", "context":{"environment":"Prod_westeurope_prod-s01-080-eur-westeurope", "migrationStage":"NotStarted", "server":"akswtt11100000e"}}
{"logTime": "0124/203418", "correlationVector":"tm7CLtKFHpf9z5SYzqcpr0.2","action":"AAD.Mip.Unpack", "result":"Success", "context":MIP_CLOUD_COMMERCIAL:Success}
{"logTime": "0124/203418", "correlationVector":"tm7CLtKFHpf9z5SYzqcpr0.3","action":"EncryptionKeysManager::SetEncryptionKeys:", "result":"Success", "context":Key names[10]:[edOYPOZUqMP9HPNY43TzcZpQZrJP6cWoHD367KcYSfB2GarpCpPSzHdOr1Lddgxas7XpogbZII6wox6r50et+g==][NZRfhBARXg947TsVX5EMKdsAr+o5fgKWHIRbN68NTSSNGN4JI7UQb/GN29TNB+lRKieaLzfIl3xo8Alqoad1Qg==][IPV+J25T3qs3xBDgVYU188iOfYtRAF6VYwYn2sIkBRYeaX78pzNbo++k0X2YU8h8QVMt7rzXdaox73rWe0XmnQ==][Mq6nATuBFshQdOwRt2LikGP3YE/PhV5QgkWgLJppO/mAiiQyCDSpRxd45Ac+rQTyK+o9qJhQrBSjCrZW7FGBWg==][kO5PsNuUrueQK92Q1vG5ivDrVHBiC2KGUWo6gqewTWRjCaWVGkvoreHzIPfZC3MK+Ur0iAwqFEPpYkSRhhpzFw==][oK3nZ2+uxuuoaQ3wz8Psu31hsOrjTdSuFUDMN057E937JKmYjTcEQbZvUoQbwCx2H+342Ac6Vu2tKNgwC298dQ==][OTto1OsYjQkd9YnAFV6qgTXEYy57q2l9DHcgDsdpUYqYNt7ds5hZXprW5OQTS4N4QHxOHJpHU2iZyCJfSTlp6A==][ts8axPhMUrrXEHtu25NgPuuVSFHhX4JmJGvS69ooqc0xvsI3sD6JMidkm9r1a7wkTZ0VUKhByM0VYyIEtI+cZw==][+EUImn9knBux5kA/DrCpI/Ykf+TnvE0a1prDvyXPDOJrF9k+dqGFKaPUIiJm/5lpTihU+VpS+PLjooSWLHe/vg==][IpGkNu9Q4p9V2WhbZLz5g/11/OclXyaDES7bsPIhr711x4dub2dDfckl6TzwESbBR0awSoiygcDhSwj+Lpj84g==]}
{"logTime": "0124/203418", "correlationVector":"tm7CLtKFHpf9z5SYzqcpr0.4","action":"AAD.GetKeyResponse", "result":"Success", "context":Keys=10.LastKeyStatus=Active. 2026-01-21 20:50:19 +01.State=None. Tags: Current_encryption_keys_tag = 77+977+9be+/ve+/vRXvv70777+9Ke+/ve+/vVYlKFZh77+9SSnvv70sQ++/ve+/vdawLTTvv70r, Updated_current_encryption_keys_tag = Empty. Emails: ["ul0255145@edu.uni.lodz.pl"]}
{"logTime": "0124/203418", "correlationVector":"tm7CLtKFHpf9z5SYzqcpr0.5","action":"ProcessGetUpdates", "result":"Done", "context":{"dataType":"Encryption Keys", "deleted":"0", "process_failed_to_decrypt":"0", "process_pending_decryption":"0", "process_success":"1", "total":"1"}}
{"logTime": "0124/203418", "correlationVector":"tm7CLtKFHpf9z5SYzqcpr0","action":"Initial GetUpdates", "result":"", "context":Reason: NEW_CLIENT. cV=tm7CLtKFHpf9z5SYzqcpr0}
{"logTime": "0124/203418", "correlationVector":"tm7CLtKFHpf9z5SYzqcpr0.6","action":"GetUpdates Response", "result":"Success", "context":Received 1 update(s). cV=tm7CLtKFHpf9z5SYzqcpr0.0;server=akswtt11100000e;cloudType=Multitenant;environment=Prod_westeurope_prod-s01-080-eur-westeurope;migrationStage=NotStarted}
{"logTime": "0124/203418", "correlationVector":"99rWw/TxznLiBscktOwRfr","action":"Initial GetUpdates", "result":"", "context":Reason: NEWLY_SUPPORTED_DATATYPE. cV=99rWw/TxznLiBscktOwRfr}
{"logTime": "0124/203418", "correlationVector":"99rWw/TxznLiBscktOwRfr.1","action":"SyncServerConnectionManagerRequest", "result":"SYNC_SERVER_OK", "context":{"environment":"Prod_westeurope_prod-s01-080-eur-westeurope", "migrationStage":"NotStarted", "server":"akswtt11100000k"}}
{"logTime": "0124/203418", "correlationVector":"99rWw/TxznLiBscktOwRfr.2","action":"ProcessGetUpdates", "result":"Done", "context":{"dataType":"Preferences", "deleted":"0", "process_failed_to_decrypt":"0", "process_pending_decryption":"0", "process_success":"46", "total":"46"}}
{"logTime": "0124/203418", "correlationVector":"99rWw/TxznLiBscktOwRfr.3","action":"ProcessGetUpdates", "result":"Done", "context":{"dataType":"Passwords", "deleted":"0", "process_failed_to_decrypt":"0", "process_pending_decryption":"0", "process_success":"3", "total":"3"}}
{"logTime": "0124/203418", "correlationVector":"99rWw/TxznLiBscktOwRfr.4","action":"GetUpdates Response", "result":"Success", "context":Received 49 update(s). cV=99rWw/TxznLiBscktOwRfr.0;server=akswtt11100000k;cloudType=Multitenant;environment=Prod_westeurope_prod-s01-080-eur-westeurope;migrationStage=NotStarted}
{"logTime": "0124/203418", "correlationVector":"wF5kVi+2bDAd0hmG3EZ9uq","action":"Initial GetUpdates", "result":"", "context":Reason: NEWLY_SUPPORTED_DATATYPE. cV=wF5kVi+2bDAd0hmG3EZ9uq}
{"logTime": "0124/203418", "correlationVector":"wF5kVi+2bDAd0hmG3EZ9uq.1","action":"SyncServerConnectionManagerRequest", "result":"SYNC_SERVER_OK", "context":{"environment":"Prod_westeurope_prod-s01-080-eur-westeurope", "migrationStage":"NotStarted", "server":"akswtt111000001"}}
{"logTime": "0124/203418", "correlationVector":"wF5kVi+2bDAd0hmG3EZ9uq.2","action":"ProcessGetUpdates", "result":"Done", "context":{"dataType":"Bookmarks", "deleted":"0", "process_failed_to_decrypt":"0", "process_pending_decryption":"0", "process_success":"6", "total":"6"}}
{"logTime": "0124/203418", "correlationVector":"wF5kVi+2bDAd0hmG3EZ9uq.3","action":"GetUpdates Response", "result":"Success", "context":Received 6 update(s). cV=wF5kVi+2bDAd0hmG3EZ9uq.0;server=akswtt111000001;cloudType=Multitenant;environment=Prod_westeurope_prod-s01-080-eur-westeurope;migrationStage=NotStarted}
{"logTime": "0124/203418", "correlationVector":"yvwLl/lajOLHH6/A6SsJSG","action":"Initial GetUpdates", "result":"", "context":Reason: NEWLY_SUPPORTED_DATATYPE. cV=yvwLl/lajOLHH6/A6SsJSG}
{"logTime": "0124/203418", "correlationVector":"yvwLl/lajOLHH6/A6SsJSG.1","action":"SyncServerConnectionManagerRequest", "result":"SYNC_SERVER_OK", "context":{"environment":"Prod_westeurope_prod-s01-080-eur-westeurope", "migrationStage":"NotStarted", "server":"akswtt11100000t"}}
{"logTime": "0124/203418", "correlationVector":"yvwLl/lajOLHH6/A6SsJSG.2","action":"ProcessGetUpdates", "result":"Done", "context":{"dataType":"Autofill Profiles", "deleted":"2", "process_failed_to_decrypt":"0", "process_pending_decryption":"0", "process_success":"2", "total":"2"}}
{"logTime": "0124/203418", "correlationVector":"yvwLl/lajOLHH6/A6SsJSG.3","action":"ProcessGetUpdates", "result":"Done", "context":{"dataType":"Autofill", "deleted":"0", "process_failed_to_decrypt":"0", "process_pending_decryption":"0", "process_success":"1", "total":"1"}}
{"logTime": "0124/203418", "correlationVector":"yvwLl/lajOLHH6/A6SsJSG.4","action":"ProcessGetUpdates", "result":"Done", "context":{"dataType":"Extensions", "deleted":"0", "process_failed_to_decrypt":"0", "process_pending_decryption":"0", "process_success":"1", "total":"1"}}
{"logTime": "0124/203418", "correlationVector":"yvwLl/lajOLHH6/A6SsJSG.5","action":"ProcessGetUpdates", "result":"Done", "context":{"dataType":"Sessions", "deleted":"0", "process_failed_to_decrypt":"0", "process_pending_decryption":"0", "process_success":"4", "total":"4"}}
{"logTime": "0124/203418", "correlationVector":"yvwLl/lajOLHH6/A6SsJSG.6","action":"GetUpdates Response", "result":"Success", "context":Received 8 update(s). cV=yvwLl/lajOLHH6/A6SsJSG.0;server=akswtt11100000t;cloudType=Multitenant;environment=Prod_westeurope_prod-s01-080-eur-westeurope;migrationStage=NotStarted}
{"logTime": "0124/203418", "correlationVector":"o9QuHtM0xayl6bOKlwmSyv","action":"Initial GetUpdates", "result":"", "context":Reason: NEWLY_SUPPORTED_DATATYPE. cV=o9QuHtM0xayl6bOKlwmSyv}
{"logTime": "0124/203418", "correlationVector":"o9QuHtM0xayl6bOKlwmSyv.1","action":"SyncServerConnectionManagerRequest", "result":"SYNC_SERVER_OK", "context":{"environment":"Prod_westeurope_prod-s01-080-eur-westeurope", "migrationStage":"NotStarted", "server":"akswtt111000012"}}
{"logTime": "0124/203418", "correlationVector":"o9QuHtM0xayl6bOKlwmSyv.2","action":"ProcessGetUpdates", "result":"Done", "context":{"dataType":"History", "deleted":"0", "process_failed_to_decrypt":"0", "process_pending_decryption":"0", "process_success":"58", "total":"58"}}
{"logTime": "0124/203418", "correlationVector":"o9QuHtM0xayl6bOKlwmSyv.3","action":"GetUpdates Response", "result":"Success", "context":Received 58 update(s). cV=o9QuHtM0xayl6bOKlwmSyv.0;server=akswtt111000012;cloudType=Multitenant;environment=Prod_westeurope_prod-s01-080-eur-westeurope;migrationStage=NotStarted}
{"logTime": "0124/203418", "correlationVector":"6XKMNUGRpg9G42N/05AYYS","action":"Normal GetUpdate request", "result":"", "context":cV=6XKMNUGRpg9G42N/05AYYS
Nudged types: Sessions, Device Info
Refresh requested types: Bookmarks, Preferences, Passwords, Autofill Profiles, Autofill, Extensions, Sessions, Extension settings, History Delete Directives, Device Info, User Consents, Send Tab To Self, Web Apps, History, Saved Tab Group, WebAuthn Credentials, Collection, Edge E Drop, Edge Hub App Usage, Edge Wallet, Encryption Keys}
{"logTime": "0124/203418", "correlationVector":"6XKMNUGRpg9G42N/05AYYS.1","action":"SyncServerConnectionManagerRequest", "result":"SYNC_SERVER_OK", "context":{"environment":"Prod_westeurope_prod-s01-080-eur-westeurope", "migrationStage":"NotStarted", "server":"akswtt11100000k"}}
{"logTime": "0124/203418", "correlationVector":"6XKMNUGRpg9G42N/05AYYS.2","action":"GetUpdates Response", "result":"Success", "context":Received 0 update(s). cV=6XKMNUGRpg9G42N/05AYYS.0;server=akswtt11100000k;cloudType=Multitenant;environment=Prod_westeurope_prod-s01-080-eur-westeurope;migrationStage=NotStarted}
{"logTime": "0124/203418", "correlationVector":"Y338mX07x5il8SoOWDcSxe","action":"Commit Request", "result":"", "context":Item count: 3
Contributing types: Sessions, Device Info}
{"logTime": "0124/203419", "correlationVector":"Y338mX07x5il8SoOWDcSxe.1","action":"SyncServerConnectionManagerRequest", "result":"SYNC_SERVER_OK", "context":{"environment":"Prod_westeurope_prod-s01-080-eur-westeurope", "migrationStage":"NotStarted", "server":"akswtt11100000u"}}
{"logTime": "0124/203419", "correlationVector":"Y338mX07x5il8SoOWDcSxe.2","action":"Commit Response", "result":"Success", "context":Result: Success. cV=Y338mX07x5il8SoOWDcSxe.0;server=akswtt11100000u;cloudType=Multitenant;environment=Prod_westeurope_prod-s01-080-eur-westeurope;migrationStage=NotStarted}
{"logTime": "0124/203419", "correlationVector":"Y338mX07x5il8SoOWDcSxe.3","action":"Commit.Device Info", "result":"Conflict", "context":{"id":"", "isDeleted":"false", "size":"578", "version":"-1"}}
{"logTime": "0124/203420", "correlationVector":"0HqetdfWqV6ACSzk6OGS65","action":"Normal GetUpdate request", "result":"", "context":cV=0HqetdfWqV6ACSzk6OGS65
Nudged types: Sessions, Device Info
Refresh requested types: Bookmarks, Preferences, Passwords, Autofill Profiles, Autofill, Extensions, Sessions, Extension settings, History Delete Directives, Device Info, User Consents, Send Tab To Self, Web Apps, History, Saved Tab Group, WebAuthn Credentials, Collection, Edge E Drop, Edge Hub App Usage, Edge Wallet, Encryption Keys}
{"logTime": "0124/203420", "correlationVector":"0HqetdfWqV6ACSzk6OGS65.1","action":"SyncServerConnectionManagerRequest", "result":"SYNC_SERVER_OK", "context":{"environment":"Prod_westeurope_prod-s01-080-eur-westeurope", "migrationStage":"NotStarted", "server":"akswtt111000001"}}
{"logTime": "0124/203420", "correlationVector":"0HqetdfWqV6ACSzk6OGS65.2","action":"ProcessGetUpdates", "result":"Done", "context":{"dataType":"Sessions", "deleted":"0", "process_failed_to_decrypt":"0", "process_pending_decryption":"0", "process_success":"2", "total":"2"}}
{"logTime": "0124/203420", "correlationVector":"0HqetdfWqV6ACSzk6OGS65.3","action":"GetUpdates Response", "result":"Success", "context":Received 2 update(s). cV=0HqetdfWqV6ACSzk6OGS65.0;server=akswtt111000001;cloudType=Multitenant;environment=Prod_westeurope_prod-s01-080-eur-westeurope;migrationStage=NotStarted}
{"logTime": "0124/203420", "correlationVector":"Cm+atbtJGTT8l6JQ8cQXda","action":"Commit Request", "result":"", "context":Item count: 1
Contributing types: Device Info}
{"logTime": "0124/203420", "correlationVector":"Cm+atbtJGTT8l6JQ8cQXda.1","action":"SyncServerConnectionManagerRequest", "result":"SYNC_SERVER_OK", "context":{"environment":"Prod_westeurope_prod-s01-080-eur-westeurope", "migrationStage":"NotStarted", "server":"akswtt11100000u"}}
{"logTime": "0124/203420", "correlationVector":"Cm+atbtJGTT8l6JQ8cQXda.3","action":"Commit.Device Info", "result":"Conflict", "context":{"id":"", "isDeleted":"false", "size":"578", "version":"-1"}}
{"logTime": "0124/203420", "correlationVector":"Cm+atbtJGTT8l6JQ8cQXda.2","action":"Commit Response", "result":"Success", "context":Result: Success. cV=Cm+atbtJGTT8l6JQ8cQXda.0;server=akswtt11100000u;cloudType=Multitenant;environment=Prod_westeurope_prod-s01-080-eur-westeurope;migrationStage=NotStarted}
{"logTime": "0124/203421", "correlationVector":"/ehM1KeTx05AImWN1SYTjT","action":"Normal GetUpdate request", "result":"", "context":cV=/ehM1KeTx05AImWN1SYTjT
Nudged types: Sessions, Device Info
Refresh requested types: Bookmarks, Preferences, Passwords, Autofill Profiles, Autofill, Extensions, Sessions, Extension settings, History Delete Directives, Device Info, User Consents, Send Tab To Self, Web Apps, History, Saved Tab Group, WebAuthn Credentials, Collection, Edge E Drop, Edge Hub App Usage, Edge Wallet, Encryption Keys}
{"logTime": "0124/203421", "correlationVector":"/ehM1KeTx05AImWN1SYTjT.1","action":"SyncServerConnectionManagerRequest", "result":"SYNC_SERVER_OK", "context":{"environment":"Prod_westeurope_prod-s01-080-eur-westeurope", "migrationStage":"NotStarted", "server":"akswtt111000009"}}
{"logTime": "0124/203421", "correlationVector":"/ehM1KeTx05AImWN1SYTjT.2","action":"GetUpdates Response", "result":"Success", "context":Received 0 update(s). cV=/ehM1KeTx05AImWN1SYTjT.0;server=akswtt111000009;cloudType=Multitenant;environment=Prod_westeurope_prod-s01-080-eur-westeurope;migrationStage=NotStarted}
{"logTime": "0124/203421", "correlationVector":"8dGpj+iaqIOdhNwAA+vmdS","action":"Poll GetUpdate request", "result":"", "context":cV=8dGpj+iaqIOdhNwAA+vmdS}
{"logTime": "0124/203421", "correlationVector":"8dGpj+iaqIOdhNwAA+vmdS.1","action":"SyncServerConnectionManagerRequest", "result":"SYNC_SERVER_OK", "context":{"environment":"Prod_westeurope_prod-s01-080-eur-westeurope", "migrationStage":"NotStarted", "server":"akswtt11100000x"}}
{"logTime": "0124/203421", "correlationVector":"8dGpj+iaqIOdhNwAA+vmdS.2","action":"GetUpdates Response", "result":"Success", "context":Received 0 update(s). cV=8dGpj+iaqIOdhNwAA+vmdS.0;server=akswtt11100000x;cloudType=Multitenant;environment=Prod_westeurope_prod-s01-080-eur-westeurope;migrationStage=NotStarted}
{"logTime": "0124/203505", "correlationVector":"GZUE8gJ2KuMLcV600LpG8C","action":"Normal GetUpdate request", "result":"", "context":cV=GZUE8gJ2KuMLcV600LpG8C
Nudged types: Sessions, Device Info, History
Refresh requested types: Device Info}
{"logTime": "0124/203505", "correlationVector":"GZUE8gJ2KuMLcV600LpG8C.1","action":"SyncServerConnectionManagerRequest", "result":"SYNC_SERVER_OK", "context":{"environment":"Prod_westeurope_prod-s01-080-eur-westeurope", "migrationStage":"NotStarted", "server":"akswtt11100000u"}}
{"logTime": "0124/203505", "correlationVector":"GZUE8gJ2KuMLcV600LpG8C.2","action":"GetUpdates Response", "result":"Success", "context":Received 0 update(s). cV=GZUE8gJ2KuMLcV600LpG8C.0;server=akswtt11100000u;cloudType=Multitenant;environment=Prod_westeurope_prod-s01-080-eur-westeurope;migrationStage=NotStarted}
{"logTime": "0124/203505", "correlationVector":"sDfWL8JW79ztANVn0NT9ES","action":"Commit Request", "result":"", "context":Item count: 3
Contributing types: Sessions, Device Info, History}
{"logTime": "0124/203505", "correlationVector":"sDfWL8JW79ztANVn0NT9ES.1","action":"SyncServerConnectionManagerRequest", "result":"SYNC_SERVER_OK", "context":{"environment":"Prod_westeurope_prod-s01-080-eur-westeurope", "migrationStage":"NotStarted", "server":"akswtt11100000x"}}
{"logTime": "0124/203505", "correlationVector":"sDfWL8JW79ztANVn0NT9ES.3","action":"Commit.Device Info", "result":"Conflict", "context":{"id":"", "isDeleted":"false", "size":"578", "version":"-1"}}
{"logTime": "0124/203505", "correlationVector":"sDfWL8JW79ztANVn0NT9ES.2","action":"Commit Response", "result":"Success", "context":Result: Success. cV=sDfWL8JW79ztANVn0NT9ES.0;server=akswtt11100000x;cloudType=Multitenant;environment=Prod_westeurope_prod-s01-080-eur-westeurope;migrationStage=NotStarted}
{"logTime": "0124/203613", "correlationVector":"9SZOHtgWFMiiw5t1+PpPU6","action":"Normal GetUpdate request", "result":"", "context":cV=9SZOHtgWFMiiw5t1+PpPU6
Nudged types: Device Info
Refresh requested types: Device Info}
{"logTime": "0124/203613", "correlationVector":"9SZOHtgWFMiiw5t1+PpPU6.1","action":"SyncServerConnectionManagerRequest", "result":"SYNC_SERVER_OK", "context":{"environment":"Prod_westeurope_prod-s01-079-eur-westeurope", "migrationStage":"NotStarted", "server":"akswtt11200000m"}}
{"logTime": "0124/203613", "correlationVector":"9SZOHtgWFMiiw5t1+PpPU6.2","action":"ProcessGetUpdates", "result":"Done", "context":{"dataType":"Sessions", "deleted":"0", "process_failed_to_decrypt":"0", "process_pending_decryption":"0", "process_success":"1", "total":"1"}}
{"logTime": "0124/203613", "correlationVector":"9SZOHtgWFMiiw5t1+PpPU6.3","action":"ProcessGetUpdates", "result":"Done", "context":{"dataType":"History", "deleted":"0", "process_failed_to_decrypt":"0", "process_pending_decryption":"0", "process_success":"1", "total":"1"}}
{"logTime": "0124/203613", "correlationVector":"9SZOHtgWFMiiw5t1+PpPU6.4","action":"GetUpdates Response", "result":"Success", "context":Received 2 update(s). cV=9SZOHtgWFMiiw5t1+PpPU6.0;server=akswtt11200000m;cloudType=Multitenant;environment=Prod_westeurope_prod-s01-079-eur-westeurope;migrationStage=NotStarted}
{"logTime": "0124/203613", "correlationVector":"EBqvVziR6mPREtWeQgoWMl","action":"Commit Request", "result":"", "context":Item count: 1
Contributing types: Device Info}
{"logTime": "0124/203613", "correlationVector":"EBqvVziR6mPREtWeQgoWMl.1","action":"SyncServerConnectionManagerRequest", "result":"SYNC_SERVER_OK", "context":{"environment":"Prod_westeurope_prod-s01-079-eur-westeurope", "migrationStage":"NotStarted", "server":"akswtt112000007"}}
{"logTime": "0124/203613", "correlationVector":"EBqvVziR6mPREtWeQgoWMl.3","action":"Commit.Device Info", "result":"Conflict", "context":{"id":"", "isDeleted":"false", "size":"632", "version":"-1"}}
{"logTime": "0124/203613", "correlationVector":"EBqvVziR6mPREtWeQgoWMl.2","action":"Commit Response", "result":"Success", "context":Result: Success. cV=EBqvVziR6mPREtWeQgoWMl.0;server=akswtt112000007;cloudType=Multitenant;environment=Prod_westeurope_prod-s01-079-eur-westeurope;migrationStage=NotStarted}
{"logTime": "0124/203718", "correlationVector":"UdcO0jBk0v5rhf53gpnDY9","action":"Commit Request", "result":"", "context":Item count: 1
Contributing types: Preferences}
{"logTime": "0124/203718", "correlationVector":"UdcO0jBk0v5rhf53gpnDY9.1","action":"SyncServerConnectionManagerRequest", "result":"SYNC_SERVER_OK", "context":{"environment":"Prod_westeurope_prod-s01-080-eur-westeurope", "migrationStage":"NotStarted", "server":"akswtt11100000x"}}
{"logTime": "0124/203718", "correlationVector":"UdcO0jBk0v5rhf53gpnDY9.2","action":"Commit Response", "result":"Success", "context":Result: Success. cV=UdcO0jBk0v5rhf53gpnDY9.0;server=akswtt11100000x;cloudType=Multitenant;environment=Prod_westeurope_prod-s01-080-eur-westeurope;migrationStage=NotStarted}
{"logTime": "0124/203722", "correlationVector":"+dmM/aLrPSNbJ+TOU6yfWM","action":"Commit Request", "result":"", "context":Item count: 5
Contributing types: Preferences, Sessions, History}
{"logTime": "0124/203723", "correlationVector":"+dmM/aLrPSNbJ+TOU6yfWM.1","action":"SyncServerConnectionManagerRequest", "result":"SYNC_SERVER_OK", "context":{"environment":"Prod_westeurope_prod-s01-080-eur-westeurope", "migrationStage":"NotStarted", "server":"akswtt111000009"}}
{"logTime": "0124/203723", "correlationVector":"+dmM/aLrPSNbJ+TOU6yfWM.2","action":"Commit Response", "result":"Success", "context":Result: Success. cV=+dmM/aLrPSNbJ+TOU6yfWM.0;server=akswtt111000009;cloudType=Multitenant;environment=Prod_westeurope_prod-s01-080-eur-westeurope;migrationStage=NotStarted}
{"logTime": "0124/203754", "correlationVector":"29lHkvm1J5tU04xLf0EQI+","action":"Normal GetUpdate request", "result":"", "context":cV=29lHkvm1J5tU04xLf0EQI+
Nudged types: Sessions, Device Info, History
Refresh requested types: Device Info}
{"logTime": "0124/203755", "correlationVector":"29lHkvm1J5tU04xLf0EQI+.1","action":"SyncServerConnectionManagerRequest", "result":"SYNC_SERVER_OK", "context":{"environment":"Prod_westeurope_prod-s01-080-eur-westeurope", "migrationStage":"NotStarted", "server":"akswtt111000003"}}
{"logTime": "0124/203755", "correlationVector":"29lHkvm1J5tU04xLf0EQI+.2","action":"ProcessGetUpdates", "result":"Done", "context":{"dataType":"Preferences", "deleted":"0", "process_failed_to_decrypt":"0", "process_pending_decryption":"0", "process_success":"1", "total":"1"}}
{"logTime": "0124/203755", "correlationVector":"29lHkvm1J5tU04xLf0EQI+.3","action":"ProcessGetUpdates", "result":"Done", "context":{"dataType":"Sessions", "deleted":"0", "process_failed_to_decrypt":"0", "process_pending_decryption":"0", "process_success":"2", "total":"2"}}
{"logTime": "0124/203755", "correlationVector":"29lHkvm1J5tU04xLf0EQI+.4","action":"ProcessGetUpdates", "result":"Done", "context":{"dataType":"History", "deleted":"0", "process_failed_to_decrypt":"0", "process_pending_decryption":"0", "process_success":"2", "total":"2"}}
{"logTime": "0124/203755", "correlationVector":"29lHkvm1J5tU04xLf0EQI+.5","action":"GetUpdates Response", "result":"Success", "context":Received 5 update(s). cV=29lHkvm1J5tU04xLf0EQI+.0;server=akswtt111000003;cloudType=Multitenant;environment=Prod_westeurope_prod-s01-080-eur-westeurope;migrationStage=NotStarted}
{"logTime": "0124/203755", "correlationVector":"yvogVW88JxIIjhgNoplZLx","action":"Commit Request", "result":"", "context":Item count: 8
Contributing types: Sessions, Device Info, History}
{"logTime": "0124/203755", "correlationVector":"yvogVW88JxIIjhgNoplZLx.1","action":"SyncServerConnectionManagerRequest", "result":"SYNC_SERVER_OK", "context":{"environment":"Prod_westeurope_prod-s01-080-eur-westeurope", "migrationStage":"NotStarted", "server":"akswtt111000004"}}
{"logTime": "0124/203755", "correlationVector":"yvogVW88JxIIjhgNoplZLx.3","action":"Commit.Device Info", "result":"Conflict", "context":{"id":"", "isDeleted":"false", "size":"632", "version":"-1"}}
{"logTime": "0124/203755", "correlationVector":"yvogVW88JxIIjhgNoplZLx.2","action":"Commit Response", "result":"Success", "context":Result: Success. cV=yvogVW88JxIIjhgNoplZLx.0;server=akswtt111000004;cloudType=Multitenant;environment=Prod_westeurope_prod-s01-080-eur-westeurope;migrationStage=NotStarted}
