2026-01-21 20:06:03.573: [INFO][Sync] Reset engine, reason: 8
2026-01-21 20:06:03.573: [INFO][Sync] Stopped: Bookmarks
2026-01-21 20:06:03.573: [INFO][Sync] Stopped: Preferences
2026-01-21 20:06:03.573: [INFO][Sync] Stopped: Passwords
2026-01-21 20:06:03.573: [INFO][Sync] Stopped: Autofill Profiles
2026-01-21 20:06:03.573: [INFO][Sync] Stopped: Autofill
2026-01-21 20:06:03.573: [INFO][Sync] Stopped: Extensions
2026-01-21 20:06:03.573: [INFO][Sync] Stopped: Sessions
2026-01-21 20:06:03.573: [INFO][Sync] Stopped: Extension settings
2026-01-21 20:06:03.573: [INFO][Sync] Stopped: History Delete Directives
2026-01-21 20:06:03.573: [INFO][Sync] Stopped: Device Info
2026-01-21 20:06:03.573: [INFO][Sync] Stopped: User Consents
2026-01-21 20:06:03.573: [INFO][Sync] Stopped: Send Tab To Self
2026-01-21 20:06:03.573: [INFO][Sync] Stopped: Web Apps
2026-01-21 20:06:03.573: [INFO][Sync] Stopped: History
2026-01-21 20:06:03.573: [INFO][Sync] Stopped: Saved Tab Group
2026-01-21 20:06:03.573: [INFO][Sync] Stopped: WebAuthn Credentials
2026-01-21 20:06:03.573: [INFO][Sync] Stopped: Collection
2026-01-21 20:06:03.573: [INFO][Sync] Stopped: Edge E Drop
2026-01-21 20:06:03.573: [INFO][Sync] Stopped: Edge Hub App Usage
2026-01-21 20:06:03.573: [INFO][Sync] Stopped: Edge Wallet
2026-01-21 20:06:03.573: [INFO][Sync] SyncState after authenticated was: NotSignedIn
2026-01-21 20:06:03.725: [INFO][Sync] Reset engine, reason: 8
2026-01-21 20:06:03.725: [INFO][Sync] Stopped: Bookmarks
2026-01-21 20:06:03.725: [INFO][Sync] Stopped: Preferences
2026-01-21 20:06:03.725: [INFO][Sync] Stopped: Passwords
2026-01-21 20:06:03.725: [INFO][Sync] Stopped: Autofill Profiles
2026-01-21 20:06:03.725: [INFO][Sync] Stopped: Autofill
2026-01-21 20:06:03.725: [INFO][Sync] Stopped: Extensions
2026-01-21 20:06:03.725: [INFO][Sync] Stopped: Sessions
2026-01-21 20:06:03.725: [INFO][Sync] Stopped: Extension settings
2026-01-21 20:06:03.725: [INFO][Sync] Stopped: History Delete Directives
2026-01-21 20:06:03.725: [INFO][Sync] Stopped: Device Info
2026-01-21 20:06:03.725: [INFO][Sync] Stopped: User Consents
2026-01-21 20:06:03.725: [INFO][Sync] Stopped: Send Tab To Self
2026-01-21 20:06:03.725: [INFO][Sync] Stopped: Web Apps
2026-01-21 20:06:03.725: [INFO][Sync] Stopped: History
2026-01-21 20:06:03.725: [INFO][Sync] Stopped: Saved Tab Group
2026-01-21 20:06:03.725: [INFO][Sync] Stopped: WebAuthn Credentials
2026-01-21 20:06:03.725: [INFO][Sync] Stopped: Collection
2026-01-21 20:06:03.725: [INFO][Sync] Stopped: Edge E Drop
2026-01-21 20:06:03.725: [INFO][Sync] Stopped: Edge Hub App Usage
2026-01-21 20:06:03.725: [INFO][Sync] Stopped: Edge Wallet
2026-01-21 20:06:04.255: [INFO][Sync] Try to start sync engine
2026-01-21 20:06:04.255: [INFO][SyncManagerImpl::NudgeForInitialDownload] Initial download nudge for Encryption Keys
2026-01-21 20:06:04.255: [INFO][SyncEngineBackend::LoadAndConnectNigoriController] Load and connect Nigori controller
2026-01-21 20:06:04.255: [INFO][SyncEngineBackend::DoInitialize] Control Types added: Encryption Keys
2026-01-21 20:06:04.255: [INFO][SyncManagerImpl::ConfigureSyncer] Types to download: Encryption Keys with reason: 3
2026-01-21 20:06:04.256: [INFO][SyncSchedulerImpl::DoConfigurationSyncCycleJob] Configure job was blocked
2026-01-21 20:06:04.262: [INFO][SyncAuthManager::SetLastAuthError] Current auth error: None
2026-01-21 20:06:04.262: [INFO][SyncAuthManager::EdgeLogTokenErrorState] Token error with: None for account type: AAD
2026-01-21 20:06:04.262: [INFO][Sync] Credentials changed for: EdgeSyncKeyDataScope
2026-01-21 20:06:04.262: [INFO][SyncEngineBackend::DoUpdateKeyDataCredentials] Update key data credentials
2026-01-21 20:06:04.286: [INFO][SyncAuthManager::SetLastAuthError] Current auth error: None
2026-01-21 20:06:04.286: [INFO][SyncAuthManager::EdgeLogTokenErrorState] Token error with: None for account type: AAD
2026-01-21 20:06:04.286: [INFO][Sync] Credentials changed for: EdgeSyncScopeNew
2026-01-21 20:06:04.287: [INFO][SyncEngineBackend::DoUpdateCredentials] Update credentials
2026-01-21 20:06:04.287: [INFO][SyncSchedulerImpl::DoConfigurationSyncCycleJob] Blocked types:  and types to download: Encryption Keys
2026-01-21 20:06:05.347: [INFO][SyncEngineBackend::DoUpdateKeyDataCredentials] Update key data credentials
2026-01-21 20:06:05.349: [INFO][Sync] Started DataTypeManager configuration, reason: 4
2026-01-21 20:06:05.349: [INFO][Sync] Configuring for: Bookmarks, Preferences, Passwords, Autofill Profiles, Autofill, Extensions, Sessions, Extension settings, History Delete Directives, Device Info, User Consents, Send Tab To Self, Web Apps, History, Saved Tab Group, WebAuthn Credentials, Collection, Edge E Drop, Edge Hub App Usage, Edge Wallet, Encryption Keys, reason: 3, current state: 0
2026-01-21 20:06:05.349: [INFO][SyncEngineBackend::DoStartConfiguration] Start configuration
2026-01-21 20:06:05.351: [INFO][Sync] Configure, desired: Bookmarks, Preferences, Passwords, Autofill Profiles, Autofill, Extensions, Sessions, Extension settings, History Delete Directives, Device Info, User Consents, Send Tab To Self, Web Apps, History, Saved Tab Group, WebAuthn Credentials, Collection, Edge E Drop, Edge Hub App Usage, Edge Wallet, Encryption Keys; Allow fail: 
2026-01-21 20:06:05.351: [INFO][Sync] Loading: Bookmarks
2026-01-21 20:06:05.351: [INFO][Sync] Loading: Preferences
2026-01-21 20:06:05.351: [INFO][Sync] Loading: Passwords
2026-01-21 20:06:05.351: [INFO][Sync] Loading: Autofill Profiles
2026-01-21 20:06:05.351: [INFO][Sync] Loading: Autofill
2026-01-21 20:06:05.351: [INFO][Sync] Loading: Extensions
2026-01-21 20:06:05.351: [INFO][Sync] Loading: Sessions
2026-01-21 20:06:05.351: [INFO][Sync] Loading: Extension settings
2026-01-21 20:06:05.351: [INFO][Sync] Loading: History Delete Directives
2026-01-21 20:06:05.351: [INFO][Sync] Loading: Device Info
2026-01-21 20:06:05.351: [INFO][Sync] Loading: User Consents
2026-01-21 20:06:05.351: [INFO][Sync] Loading: Send Tab To Self
2026-01-21 20:06:05.351: [INFO][Sync] Loading: Web Apps
2026-01-21 20:06:05.351: [INFO][Sync] Loading: History
2026-01-21 20:06:05.351: [INFO][Sync] Loading: Saved Tab Group
2026-01-21 20:06:05.351: [INFO][Sync] Loading: WebAuthn Credentials
2026-01-21 20:06:05.351: [INFO][Sync] Loading: Collection
2026-01-21 20:06:05.351: [INFO][Sync] Loading: Edge E Drop
2026-01-21 20:06:05.351: [INFO][Sync] Loading: Edge Hub App Usage
2026-01-21 20:06:05.351: [INFO][Sync] Loading: Edge Wallet
2026-01-21 20:06:05.352: [INFO][Sync] All data types are ready for configure.
2026-01-21 20:06:05.352: [INFO][SyncManagerImpl::NudgeForInitialDownload] Initial download nudge for Bookmarks
2026-01-21 20:06:05.352: [INFO][SyncManagerImpl::NudgeForInitialDownload] Initial download nudge for Preferences
2026-01-21 20:06:05.352: [INFO][SyncManagerImpl::NudgeForInitialDownload] Initial download nudge for Passwords
2026-01-21 20:06:05.352: [INFO][SyncManagerImpl::NudgeForInitialDownload] Initial download nudge for Autofill Profiles
2026-01-21 20:06:05.352: [INFO][SyncManagerImpl::NudgeForInitialDownload] Initial download nudge for Autofill
2026-01-21 20:06:05.352: [INFO][SyncManagerImpl::NudgeForInitialDownload] Initial download nudge for Extensions
2026-01-21 20:06:05.352: [INFO][SyncManagerImpl::NudgeForInitialDownload] Initial download nudge for Sessions
2026-01-21 20:06:05.352: [INFO][SyncManagerImpl::NudgeForInitialDownload] Initial download nudge for Extension settings
2026-01-21 20:06:05.352: [INFO][SyncManagerImpl::NudgeForInitialDownload] Initial download nudge for History Delete Directives
2026-01-21 20:06:05.352: [INFO][SyncManagerImpl::NudgeForInitialDownload] Initial download nudge for Device Info
2026-01-21 20:06:05.352: [INFO][SyncManagerImpl::NudgeForInitialDownload] Initial download nudge for Send Tab To Self
2026-01-21 20:06:05.352: [INFO][SyncManagerImpl::NudgeForInitialDownload] Initial download nudge for Web Apps
2026-01-21 20:06:05.352: [INFO][SyncManagerImpl::NudgeForInitialDownload] Initial download nudge for History
2026-01-21 20:06:05.352: [INFO][SyncManagerImpl::NudgeForInitialDownload] Initial download nudge for Saved Tab Group
2026-01-21 20:06:05.352: [INFO][SyncManagerImpl::NudgeForInitialDownload] Initial download nudge for WebAuthn Credentials
2026-01-21 20:06:05.352: [INFO][SyncManagerImpl::NudgeForInitialDownload] Initial download nudge for Collection
2026-01-21 20:06:05.352: [INFO][SyncManagerImpl::NudgeForInitialDownload] Initial download nudge for Edge E Drop
2026-01-21 20:06:05.353: [INFO][SyncManagerImpl::NudgeForInitialDownload] Initial download nudge for Edge Hub App Usage
2026-01-21 20:06:05.353: [INFO][SyncManagerImpl::NudgeForInitialDownload] Initial download nudge for Edge Wallet
2026-01-21 20:06:05.353: [INFO][SyncManagerImpl::ConfigureSyncer] Types to download:  with reason: 3
2026-01-21 20:06:05.353: [INFO][SyncEngineBackend::DoFinishConfigureDataTypes] Failed to download types:  and succeeded types: 
2026-01-21 20:06:05.353: [INFO][Sync] ConfigurationDone, failed: , succeeded: , remaining count: 4
2026-01-21 20:06:05.353: [INFO][Sync] Prepare to configure types: Preferences, Passwords, Device Info, Send Tab To Self, Edge E Drop, Encryption Keys
2026-01-21 20:06:05.353: [INFO][SyncManagerImpl::ConfigureSyncer] Types to download: Preferences, Passwords, Device Info, Send Tab To Self, Edge E Drop, Encryption Keys with reason: 3
2026-01-21 20:06:05.353: [INFO][SyncSchedulerImpl::DoConfigurationSyncCycleJob] Blocked types:  and types to download: Preferences, Passwords, Device Info, Send Tab To Self, Edge E Drop, Encryption Keys
2026-01-21 20:06:05.623: [INFO][SyncEngineBackend::DoFinishConfigureDataTypes] Failed to download types:  and succeeded types: Preferences, Passwords, Device Info, Send Tab To Self, Edge E Drop, Encryption Keys
2026-01-21 20:06:05.624: [INFO][Sync] ConfigurationDone, failed: , succeeded: Preferences, Passwords, Device Info, Send Tab To Self, Edge E Drop, Encryption Keys, remaining count: 3
2026-01-21 20:06:05.624: [INFO][Sync] Prepare to configure types: Bookmarks, Encryption Keys
2026-01-21 20:06:05.624: [INFO][SyncManagerImpl::ConfigureSyncer] Types to download: Bookmarks, Encryption Keys with reason: 3
2026-01-21 20:06:05.624: [INFO][SyncSchedulerImpl::DoConfigurationSyncCycleJob] Blocked types:  and types to download: Bookmarks, Encryption Keys
2026-01-21 20:06:05.732: [INFO][SyncEngineBackend::DoFinishConfigureDataTypes] Failed to download types:  and succeeded types: Bookmarks, Encryption Keys
2026-01-21 20:06:05.733: [INFO][Sync] ConfigurationDone, failed: , succeeded: Bookmarks, Encryption Keys, remaining count: 2
2026-01-21 20:06:05.733: [INFO][Sync] Prepare to configure types: Autofill Profiles, Autofill, Extensions, Sessions, Extension settings, History Delete Directives, Web Apps, Saved Tab Group, WebAuthn Credentials, Collection, Edge Hub App Usage, Edge Wallet, Encryption Keys
2026-01-21 20:06:05.733: [INFO][SyncManagerImpl::ConfigureSyncer] Types to download: Autofill Profiles, Autofill, Extensions, Sessions, Extension settings, History Delete Directives, Web Apps, Saved Tab Group, WebAuthn Credentials, Collection, Edge Hub App Usage, Edge Wallet, Encryption Keys with reason: 3
2026-01-21 20:06:05.733: [INFO][SyncSchedulerImpl::DoConfigurationSyncCycleJob] Blocked types:  and types to download: Autofill Profiles, Autofill, Extensions, Sessions, Extension settings, History Delete Directives, Web Apps, Saved Tab Group, WebAuthn Credentials, Collection, Edge Hub App Usage, Edge Wallet, Encryption Keys
2026-01-21 20:06:05.831: [INFO][SyncEngineBackend::DoFinishConfigureDataTypes] Failed to download types:  and succeeded types: Autofill Profiles, Autofill, Extensions, Sessions, Extension settings, History Delete Directives, Web Apps, Saved Tab Group, WebAuthn Credentials, Collection, Edge Hub App Usage, Edge Wallet, Encryption Keys
2026-01-21 20:06:05.832: [INFO][Sync] ConfigurationDone, failed: , succeeded: Autofill Profiles, Autofill, Extensions, Sessions, Extension settings, History Delete Directives, Web Apps, Saved Tab Group, WebAuthn Credentials, Collection, Edge Hub App Usage, Edge Wallet, Encryption Keys, remaining count: 1
2026-01-21 20:06:05.833: [INFO][Sync] Prepare to configure types: History, Encryption Keys
2026-01-21 20:06:05.833: [INFO][SyncManagerImpl::ConfigureSyncer] Types to download: History, Encryption Keys with reason: 3
2026-01-21 20:06:05.833: [INFO][SyncSchedulerImpl::DoConfigurationSyncCycleJob] Blocked types:  and types to download: History, Encryption Keys
2026-01-21 20:06:05.922: [INFO][SyncEngineBackend::DoFinishConfigureDataTypes] Failed to download types:  and succeeded types: History, Encryption Keys
2026-01-21 20:06:05.923: [INFO][Sync] ConfigurationDone, failed: , succeeded: History, Encryption Keys, remaining count: 0
2026-01-21 20:06:05.925: [INFO][Sync]     Configuration completed, state: 3
2026-01-21 20:06:05.925: [INFO][Sync] Configured DataTypeManager: Ok
2026-01-21 20:06:05.926: [INFO][SyncEngineBackend::DoStartSyncing] Start syncing
2026-01-21 20:11:53.013: [INFO][Sync] Reset engine, reason: 0
2026-01-21 20:11:53.013: [INFO][Sync] Reset engine with reason: 0
2026-01-21 20:26:06.660: [INFO][Sync] SyncState after authenticated was: FeatureCanStart
2026-01-21 20:26:07.084: [INFO][SyncAuthManager::SetLastAuthError] Current auth error: None
2026-01-21 20:26:07.084: [INFO][SyncAuthManager::EdgeLogTokenErrorState] Token error with: None for account type: AAD
2026-01-21 20:26:07.084: [INFO][Sync] Credentials changed for: EdgeSyncKeyDataScope
2026-01-21 20:26:07.084: [INFO][Sync] Try to start sync engine
2026-01-21 20:26:07.085: [INFO][SyncManagerImpl::NudgeForInitialDownload] Initial download nudge for Encryption Keys
2026-01-21 20:26:07.085: [INFO][SyncEngineBackend::LoadAndConnectNigoriController] Load and connect Nigori controller
2026-01-21 20:26:07.085: [INFO][SyncEngineBackend::DoInitialize] Control Types added: Encryption Keys
2026-01-21 20:26:07.085: [INFO][SyncManagerImpl::ConfigureSyncer] Types to download: Encryption Keys with reason: 3
2026-01-21 20:26:07.085: [INFO][SyncEngineBackend::DoUpdateKeyDataCredentials] Update key data credentials
2026-01-21 20:26:07.085: [INFO][SyncSchedulerImpl::DoConfigurationSyncCycleJob] Configure job was blocked
2026-01-21 20:26:07.129: [INFO][SyncAuthManager::SetLastAuthError] Current auth error: None
2026-01-21 20:26:07.129: [INFO][SyncAuthManager::EdgeLogTokenErrorState] Token error with: None for account type: AAD
2026-01-21 20:26:07.129: [INFO][Sync] Credentials changed for: EdgeSyncScopeNew
2026-01-21 20:26:07.129: [INFO][SyncEngineBackend::DoUpdateCredentials] Update credentials
2026-01-21 20:26:07.129: [INFO][SyncEngineBackend::DoUpdateKeyDataCredentials] Update key data credentials
2026-01-21 20:26:07.129: [INFO][SyncSchedulerImpl::DoConfigurationSyncCycleJob] Blocked types:  and types to download: Encryption Keys
2026-01-21 20:26:08.104: [INFO][Sync] Started DataTypeManager configuration, reason: 4
2026-01-21 20:26:08.104: [INFO][Sync] Configuring for: Bookmarks, Preferences, Passwords, Autofill Profiles, Autofill, Extensions, Sessions, Extension settings, History Delete Directives, Device Info, User Consents, Send Tab To Self, Web Apps, History, Saved Tab Group, WebAuthn Credentials, Collection, Edge E Drop, Edge Hub App Usage, Edge Wallet, Encryption Keys, reason: 4, current state: 0
2026-01-21 20:26:08.104: [INFO][SyncEngineBackend::DoStartConfiguration] Start configuration
2026-01-21 20:26:08.105: [INFO][Sync] Configure, desired: Bookmarks, Preferences, Passwords, Autofill Profiles, Autofill, Extensions, Sessions, Extension settings, History Delete Directives, Device Info, User Consents, Send Tab To Self, Web Apps, History, Saved Tab Group, WebAuthn Credentials, Collection, Edge E Drop, Edge Hub App Usage, Edge Wallet, Encryption Keys; Allow fail: 
2026-01-21 20:26:08.105: [INFO][Sync] Loading: Bookmarks
2026-01-21 20:26:08.105: [INFO][Sync] Loading: Preferences
2026-01-21 20:26:08.105: [INFO][Sync] Loading: Passwords
2026-01-21 20:26:08.105: [INFO][Sync] Loading: Autofill Profiles
2026-01-21 20:26:08.105: [INFO][Sync] Loading: Autofill
2026-01-21 20:26:08.105: [INFO][Sync] Loading: Extensions
2026-01-21 20:26:08.105: [INFO][Sync] Loading: Sessions
2026-01-21 20:26:08.105: [INFO][Sync] Loading: Extension settings
2026-01-21 20:26:08.105: [INFO][Sync] Loading: History Delete Directives
2026-01-21 20:26:08.105: [INFO][Sync] Loading: Device Info
2026-01-21 20:26:08.105: [INFO][Sync] Loading: User Consents
2026-01-21 20:26:08.105: [INFO][Sync] Loading: Send Tab To Self
2026-01-21 20:26:08.105: [INFO][Sync] Loading: Web Apps
2026-01-21 20:26:08.105: [INFO][Sync] Loading: History
2026-01-21 20:26:08.105: [INFO][Sync] Loading: Saved Tab Group
2026-01-21 20:26:08.105: [INFO][Sync] Loading: WebAuthn Credentials
2026-01-21 20:26:08.105: [INFO][Sync] Loading: Collection
2026-01-21 20:26:08.105: [INFO][Sync] Loading: Edge E Drop
2026-01-21 20:26:08.105: [INFO][Sync] Loading: Edge Hub App Usage
2026-01-21 20:26:08.106: [INFO][Sync] Loading: Edge Wallet
2026-01-21 20:26:08.111: [INFO][Sync] All data types are ready for configure.
2026-01-21 20:26:08.111: [INFO][SyncManagerImpl::NudgeForInitialDownload] Initial download nudge for Passwords
2026-01-21 20:26:08.111: [INFO][SyncManagerImpl::ConfigureSyncer] Types to download:  with reason: 4
2026-01-21 20:26:08.111: [INFO][SyncEngineBackend::DoFinishConfigureDataTypes] Failed to download types:  and succeeded types: 
2026-01-21 20:26:08.111: [INFO][Sync] ConfigurationDone, failed: , succeeded: , remaining count: 4
2026-01-21 20:26:08.111: [INFO][Sync] Prepare to configure types: Passwords, Encryption Keys
2026-01-21 20:26:08.111: [INFO][SyncManagerImpl::ConfigureSyncer] Types to download: Passwords, Encryption Keys with reason: 4
2026-01-21 20:26:08.111: [INFO][SyncSchedulerImpl::DoConfigurationSyncCycleJob] Blocked types:  and types to download: Passwords, Encryption Keys
2026-01-21 20:26:08.213: [INFO][SyncEngineBackend::DoFinishConfigureDataTypes] Failed to download types:  and succeeded types: Passwords, Encryption Keys
2026-01-21 20:26:08.214: [INFO][Sync] ConfigurationDone, failed: , succeeded: Passwords, Encryption Keys, remaining count: 3
2026-01-21 20:26:08.215: [INFO][SyncManagerImpl::ConfigureSyncer] Types to download:  with reason: 4
2026-01-21 20:26:08.215: [INFO][SyncEngineBackend::DoFinishConfigureDataTypes] Failed to download types:  and succeeded types: 
2026-01-21 20:26:08.215: [INFO][Sync] ConfigurationDone, failed: , succeeded: , remaining count: 2
2026-01-21 20:26:08.215: [INFO][SyncManagerImpl::ConfigureSyncer] Types to download:  with reason: 4
2026-01-21 20:26:08.215: [INFO][SyncEngineBackend::DoFinishConfigureDataTypes] Failed to download types:  and succeeded types: 
2026-01-21 20:26:08.215: [INFO][Sync] ConfigurationDone, failed: , succeeded: , remaining count: 1
2026-01-21 20:26:08.216: [INFO][SyncManagerImpl::ConfigureSyncer] Types to download:  with reason: 4
2026-01-21 20:26:08.216: [INFO][SyncEngineBackend::DoFinishConfigureDataTypes] Failed to download types:  and succeeded types: 
2026-01-21 20:26:08.216: [INFO][Sync] ConfigurationDone, failed: , succeeded: , remaining count: 0
2026-01-21 20:26:08.218: [INFO][Sync]     Configuration completed, state: 3
2026-01-21 20:26:08.218: [INFO][Sync] Configured DataTypeManager: Ok
2026-01-21 20:26:08.219: [INFO][SyncEngineBackend::DoStartSyncing] Start syncing
2026-01-21 21:01:40.208: [INFO][Sync] Reset engine, reason: 0
2026-01-21 21:01:40.208: [INFO][Sync] Reset engine with reason: 0
2026-01-24 20:34:16.785: [INFO][Sync] Reset engine, reason: 8
2026-01-24 20:34:16.785: [INFO][Sync] Stopped: Bookmarks
2026-01-24 20:34:16.785: [INFO][Sync] Stopped: Preferences
2026-01-24 20:34:16.785: [INFO][Sync] Stopped: Passwords
2026-01-24 20:34:16.785: [INFO][Sync] Stopped: Autofill Profiles
2026-01-24 20:34:16.785: [INFO][Sync] Stopped: Autofill
2026-01-24 20:34:16.785: [INFO][Sync] Stopped: Extensions
2026-01-24 20:34:16.785: [INFO][Sync] Stopped: Sessions
2026-01-24 20:34:16.785: [INFO][Sync] Stopped: Extension settings
2026-01-24 20:34:16.785: [INFO][Sync] Stopped: History Delete Directives
2026-01-24 20:34:16.785: [INFO][Sync] Stopped: Device Info
2026-01-24 20:34:16.785: [INFO][Sync] Stopped: User Consents
2026-01-24 20:34:16.785: [INFO][Sync] Stopped: Send Tab To Self
2026-01-24 20:34:16.785: [INFO][Sync] Stopped: Web Apps
2026-01-24 20:34:16.785: [INFO][Sync] Stopped: History
2026-01-24 20:34:16.785: [INFO][Sync] Stopped: Saved Tab Group
2026-01-24 20:34:16.785: [INFO][Sync] Stopped: WebAuthn Credentials
2026-01-24 20:34:16.785: [INFO][Sync] Stopped: Collection
2026-01-24 20:34:16.785: [INFO][Sync] Stopped: Edge E Drop
2026-01-24 20:34:16.785: [INFO][Sync] Stopped: Edge Hub App Usage
2026-01-24 20:34:16.785: [INFO][Sync] Stopped: Edge Wallet
2026-01-24 20:34:16.786: [INFO][Sync] SyncState after authenticated was: NotSignedIn
2026-01-24 20:34:16.934: [INFO][Sync] Reset engine, reason: 8
2026-01-24 20:34:16.934: [INFO][Sync] Stopped: Bookmarks
2026-01-24 20:34:16.934: [INFO][Sync] Stopped: Preferences
2026-01-24 20:34:16.934: [INFO][Sync] Stopped: Passwords
2026-01-24 20:34:16.934: [INFO][Sync] Stopped: Autofill Profiles
2026-01-24 20:34:16.934: [INFO][Sync] Stopped: Autofill
2026-01-24 20:34:16.934: [INFO][Sync] Stopped: Extensions
2026-01-24 20:34:16.934: [INFO][Sync] Stopped: Sessions
2026-01-24 20:34:16.934: [INFO][Sync] Stopped: Extension settings
2026-01-24 20:34:16.934: [INFO][Sync] Stopped: History Delete Directives
2026-01-24 20:34:16.934: [INFO][Sync] Stopped: Device Info
2026-01-24 20:34:16.934: [INFO][Sync] Stopped: User Consents
2026-01-24 20:34:16.934: [INFO][Sync] Stopped: Send Tab To Self
2026-01-24 20:34:16.934: [INFO][Sync] Stopped: Web Apps
2026-01-24 20:34:16.934: [INFO][Sync] Stopped: History
2026-01-24 20:34:16.934: [INFO][Sync] Stopped: Saved Tab Group
2026-01-24 20:34:16.934: [INFO][Sync] Stopped: WebAuthn Credentials
2026-01-24 20:34:16.934: [INFO][Sync] Stopped: Collection
2026-01-24 20:34:16.934: [INFO][Sync] Stopped: Edge E Drop
2026-01-24 20:34:16.934: [INFO][Sync] Stopped: Edge Hub App Usage
2026-01-24 20:34:16.934: [INFO][Sync] Stopped: Edge Wallet
2026-01-24 20:34:17.242: [INFO][Sync] Try to start sync engine
2026-01-24 20:34:17.243: [INFO][SyncManagerImpl::NudgeForInitialDownload] Initial download nudge for Encryption Keys
2026-01-24 20:34:17.243: [INFO][SyncEngineBackend::LoadAndConnectNigoriController] Load and connect Nigori controller
2026-01-24 20:34:17.243: [INFO][SyncEngineBackend::DoInitialize] Control Types added: Encryption Keys
2026-01-24 20:34:17.243: [INFO][SyncManagerImpl::ConfigureSyncer] Types to download: Encryption Keys with reason: 3
2026-01-24 20:34:17.243: [INFO][SyncSchedulerImpl::DoConfigurationSyncCycleJob] Configure job was blocked
2026-01-24 20:34:17.254: [INFO][SyncAuthManager::SetLastAuthError] Current auth error: None
2026-01-24 20:34:17.254: [INFO][SyncAuthManager::EdgeLogTokenErrorState] Token error with: None for account type: AAD
2026-01-24 20:34:17.254: [INFO][Sync] Credentials changed for: EdgeSyncKeyDataScope
2026-01-24 20:34:17.254: [INFO][SyncEngineBackend::DoUpdateKeyDataCredentials] Update key data credentials
2026-01-24 20:34:17.285: [INFO][SyncAuthManager::SetLastAuthError] Current auth error: None
2026-01-24 20:34:17.285: [INFO][SyncAuthManager::EdgeLogTokenErrorState] Token error with: None for account type: AAD
2026-01-24 20:34:17.285: [INFO][Sync] Credentials changed for: EdgeSyncScopeNew
2026-01-24 20:34:17.285: [INFO][SyncEngineBackend::DoUpdateCredentials] Update credentials
2026-01-24 20:34:17.285: [INFO][SyncSchedulerImpl::DoConfigurationSyncCycleJob] Blocked types:  and types to download: Encryption Keys
2026-01-24 20:34:18.239: [INFO][SyncEngineBackend::DoUpdateKeyDataCredentials] Update key data credentials
2026-01-24 20:34:18.241: [INFO][Sync] Started DataTypeManager configuration, reason: 4
2026-01-24 20:34:18.241: [INFO][Sync] Configuring for: Bookmarks, Preferences, Passwords, Autofill Profiles, Autofill, Extensions, Sessions, Extension settings, History Delete Directives, Device Info, User Consents, Send Tab To Self, Web Apps, History, Saved Tab Group, WebAuthn Credentials, Collection, Edge E Drop, Edge Hub App Usage, Edge Wallet, Encryption Keys, reason: 4, current state: 0
2026-01-24 20:34:18.241: [INFO][SyncEngineBackend::DoStartConfiguration] Start configuration
2026-01-24 20:34:18.242: [INFO][Sync] Configure, desired: Bookmarks, Preferences, Passwords, Autofill Profiles, Autofill, Extensions, Sessions, Extension settings, History Delete Directives, Device Info, User Consents, Send Tab To Self, Web Apps, History, Saved Tab Group, WebAuthn Credentials, Collection, Edge E Drop, Edge Hub App Usage, Edge Wallet, Encryption Keys; Allow fail: 
2026-01-24 20:34:18.243: [INFO][Sync] Loading: Bookmarks
2026-01-24 20:34:18.243: [INFO][Sync] Loading: Preferences
2026-01-24 20:34:18.243: [INFO][Sync] Loading: Passwords
2026-01-24 20:34:18.243: [INFO][Sync] Loading: Autofill Profiles
2026-01-24 20:34:18.243: [INFO][Sync] Loading: Autofill
2026-01-24 20:34:18.243: [INFO][Sync] Loading: Extensions
2026-01-24 20:34:18.243: [INFO][Sync] Loading: Sessions
2026-01-24 20:34:18.243: [INFO][Sync] Loading: Extension settings
2026-01-24 20:34:18.243: [INFO][Sync] Loading: History Delete Directives
2026-01-24 20:34:18.243: [INFO][Sync] Loading: Device Info
2026-01-24 20:34:18.243: [INFO][Sync] Loading: User Consents
2026-01-24 20:34:18.243: [INFO][Sync] Loading: Send Tab To Self
2026-01-24 20:34:18.243: [INFO][Sync] Loading: Web Apps
2026-01-24 20:34:18.243: [INFO][Sync] Loading: History
2026-01-24 20:34:18.243: [INFO][Sync] Loading: Saved Tab Group
2026-01-24 20:34:18.243: [INFO][Sync] Loading: WebAuthn Credentials
2026-01-24 20:34:18.243: [INFO][Sync] Loading: Collection
2026-01-24 20:34:18.243: [INFO][Sync] Loading: Edge E Drop
2026-01-24 20:34:18.243: [INFO][Sync] Loading: Edge Hub App Usage
2026-01-24 20:34:18.243: [INFO][Sync] Loading: Edge Wallet
2026-01-24 20:34:18.245: [INFO][Sync] All data types are ready for configure.
2026-01-24 20:34:18.245: [INFO][SyncManagerImpl::NudgeForInitialDownload] Initial download nudge for Bookmarks
2026-01-24 20:34:18.245: [INFO][SyncManagerImpl::NudgeForInitialDownload] Initial download nudge for Preferences
2026-01-24 20:34:18.245: [INFO][SyncManagerImpl::NudgeForInitialDownload] Initial download nudge for Passwords
2026-01-24 20:34:18.245: [INFO][SyncManagerImpl::NudgeForInitialDownload] Initial download nudge for Autofill Profiles
2026-01-24 20:34:18.245: [INFO][SyncManagerImpl::NudgeForInitialDownload] Initial download nudge for Autofill
2026-01-24 20:34:18.245: [INFO][SyncManagerImpl::NudgeForInitialDownload] Initial download nudge for Extensions
2026-01-24 20:34:18.245: [INFO][SyncManagerImpl::NudgeForInitialDownload] Initial download nudge for Sessions
2026-01-24 20:34:18.245: [INFO][SyncManagerImpl::NudgeForInitialDownload] Initial download nudge for Extension settings
2026-01-24 20:34:18.245: [INFO][SyncManagerImpl::NudgeForInitialDownload] Initial download nudge for History Delete Directives
2026-01-24 20:34:18.245: [INFO][SyncManagerImpl::NudgeForInitialDownload] Initial download nudge for Device Info
2026-01-24 20:34:18.245: [INFO][SyncManagerImpl::NudgeForInitialDownload] Initial download nudge for Send Tab To Self
2026-01-24 20:34:18.245: [INFO][SyncManagerImpl::NudgeForInitialDownload] Initial download nudge for Web Apps
2026-01-24 20:34:18.245: [INFO][SyncManagerImpl::NudgeForInitialDownload] Initial download nudge for History
2026-01-24 20:34:18.245: [INFO][SyncManagerImpl::NudgeForInitialDownload] Initial download nudge for Saved Tab Group
2026-01-24 20:34:18.245: [INFO][SyncManagerImpl::NudgeForInitialDownload] Initial download nudge for WebAuthn Credentials
2026-01-24 20:34:18.245: [INFO][SyncManagerImpl::NudgeForInitialDownload] Initial download nudge for Collection
2026-01-24 20:34:18.245: [INFO][SyncManagerImpl::NudgeForInitialDownload] Initial download nudge for Edge E Drop
2026-01-24 20:34:18.245: [INFO][SyncManagerImpl::NudgeForInitialDownload] Initial download nudge for Edge Hub App Usage
2026-01-24 20:34:18.245: [INFO][SyncManagerImpl::NudgeForInitialDownload] Initial download nudge for Edge Wallet
2026-01-24 20:34:18.245: [INFO][SyncManagerImpl::ConfigureSyncer] Types to download:  with reason: 4
2026-01-24 20:34:18.245: [INFO][SyncEngineBackend::DoFinishConfigureDataTypes] Failed to download types:  and succeeded types: 
2026-01-24 20:34:18.245: [INFO][Sync] ConfigurationDone, failed: , succeeded: , remaining count: 4
2026-01-24 20:34:18.245: [INFO][Sync] Prepare to configure types: Preferences, Passwords, Device Info, Send Tab To Self, Edge E Drop, Encryption Keys
2026-01-24 20:34:18.245: [INFO][SyncManagerImpl::ConfigureSyncer] Types to download: Preferences, Passwords, Device Info, Send Tab To Self, Edge E Drop, Encryption Keys with reason: 4
2026-01-24 20:34:18.245: [INFO][SyncSchedulerImpl::DoConfigurationSyncCycleJob] Blocked types:  and types to download: Preferences, Passwords, Device Info, Send Tab To Self, Edge E Drop, Encryption Keys
2026-01-24 20:34:18.382: [INFO][SyncEngineBackend::DoFinishConfigureDataTypes] Failed to download types:  and succeeded types: Preferences, Passwords, Device Info, Send Tab To Self, Edge E Drop, Encryption Keys
2026-01-24 20:34:18.383: [INFO][Sync] ConfigurationDone, failed: , succeeded: Preferences, Passwords, Device Info, Send Tab To Self, Edge E Drop, Encryption Keys, remaining count: 3
2026-01-24 20:34:18.383: [INFO][Sync] Prepare to configure types: Bookmarks, Encryption Keys
2026-01-24 20:34:18.383: [INFO][SyncManagerImpl::ConfigureSyncer] Types to download: Bookmarks, Encryption Keys with reason: 4
2026-01-24 20:34:18.383: [INFO][SyncSchedulerImpl::DoConfigurationSyncCycleJob] Blocked types:  and types to download: Bookmarks, Encryption Keys
2026-01-24 20:34:18.469: [INFO][SyncEngineBackend::DoFinishConfigureDataTypes] Failed to download types:  and succeeded types: Bookmarks, Encryption Keys
2026-01-24 20:34:18.470: [INFO][Sync] ConfigurationDone, failed: , succeeded: Bookmarks, Encryption Keys, remaining count: 2
2026-01-24 20:34:18.470: [INFO][Sync] Prepare to configure types: Autofill Profiles, Autofill, Extensions, Sessions, Extension settings, History Delete Directives, Web Apps, Saved Tab Group, WebAuthn Credentials, Collection, Edge Hub App Usage, Edge Wallet, Encryption Keys
2026-01-24 20:34:18.470: [INFO][SyncManagerImpl::ConfigureSyncer] Types to download: Autofill Profiles, Autofill, Extensions, Sessions, Extension settings, History Delete Directives, Web Apps, Saved Tab Group, WebAuthn Credentials, Collection, Edge Hub App Usage, Edge Wallet, Encryption Keys with reason: 4
2026-01-24 20:34:18.470: [INFO][SyncSchedulerImpl::DoConfigurationSyncCycleJob] Blocked types:  and types to download: Autofill Profiles, Autofill, Extensions, Sessions, Extension settings, History Delete Directives, Web Apps, Saved Tab Group, WebAuthn Credentials, Collection, Edge Hub App Usage, Edge Wallet, Encryption Keys
2026-01-24 20:34:18.555: [INFO][SyncEngineBackend::DoFinishConfigureDataTypes] Failed to download types:  and succeeded types: Autofill Profiles, Autofill, Extensions, Sessions, Extension settings, History Delete Directives, Web Apps, Saved Tab Group, WebAuthn Credentials, Collection, Edge Hub App Usage, Edge Wallet, Encryption Keys
2026-01-24 20:34:18.556: [INFO][Sync] ConfigurationDone, failed: , succeeded: Autofill Profiles, Autofill, Extensions, Sessions, Extension settings, History Delete Directives, Web Apps, Saved Tab Group, WebAuthn Credentials, Collection, Edge Hub App Usage, Edge Wallet, Encryption Keys, remaining count: 1
2026-01-24 20:34:18.557: [INFO][Sync] Prepare to configure types: History, Encryption Keys
2026-01-24 20:34:18.557: [INFO][SyncManagerImpl::ConfigureSyncer] Types to download: History, Encryption Keys with reason: 4
2026-01-24 20:34:18.557: [INFO][SyncSchedulerImpl::DoConfigurationSyncCycleJob] Blocked types:  and types to download: History, Encryption Keys
2026-01-24 20:34:18.662: [INFO][SyncEngineBackend::DoFinishConfigureDataTypes] Failed to download types:  and succeeded types: History, Encryption Keys
2026-01-24 20:34:18.663: [INFO][Sync] ConfigurationDone, failed: , succeeded: History, Encryption Keys, remaining count: 0
2026-01-24 20:34:18.664: [INFO][Sync]     Configuration completed, state: 3
2026-01-24 20:34:18.664: [INFO][Sync] Configured DataTypeManager: Ok
2026-01-24 20:34:18.665: [INFO][SyncEngineBackend::DoStartSyncing] Start syncing
2026-01-24 20:34:19.027: [INFO][Commit::PostAndProcessResponse] Process Device Info: Protocol error (CONFLICT)
2026-01-24 20:34:19.028: [INFO][SyncSchedulerImpl::DoNudgeSyncCycleJob] Syncer error: Protocol error (CONFLICT)
2026-01-24 20:34:20.435: [INFO][Commit::PostAndProcessResponse] Process Device Info: Protocol error (CONFLICT)
2026-01-24 20:34:20.435: [INFO][Commit::RecordUnhealthyCommitError] Device Info: CONFLICT
2026-01-24 20:34:20.435: [INFO][SyncSchedulerImpl::DoNudgeSyncCycleJob] Syncer error: Protocol error (CONFLICT)
2026-01-24 20:35:05.869: [INFO][Commit::PostAndProcessResponse] Process Device Info: Protocol error (CONFLICT)
2026-01-24 20:35:05.869: [INFO][Commit::RecordUnhealthyCommitError] Device Info: CONFLICT
2026-01-24 20:35:05.869: [INFO][SyncSchedulerImpl::DoNudgeSyncCycleJob] Syncer error: Protocol error (CONFLICT)
2026-01-24 20:36:13.639: [INFO][Commit::PostAndProcessResponse] Process Device Info: Protocol error (CONFLICT)
2026-01-24 20:36:13.639: [INFO][Commit::RecordUnhealthyCommitError] Device Info: CONFLICT
2026-01-24 20:36:13.639: [INFO][SyncSchedulerImpl::DoNudgeSyncCycleJob] Syncer error: Protocol error (CONFLICT)
2026-01-24 20:37:55.957: [INFO][Commit::PostAndProcessResponse] Process Device Info: Protocol error (CONFLICT)
2026-01-24 20:37:55.957: [INFO][Commit::RecordUnhealthyCommitError] Device Info: CONFLICT
2026-01-24 20:37:55.958: [INFO][SyncSchedulerImpl::DoNudgeSyncCycleJob] Syncer error: Protocol error (CONFLICT)
2026-01-24 20:39:38.503: [INFO][Sync] Reset engine, reason: 0
2026-01-24 20:39:38.503: [INFO][Sync] Reset engine with reason: 0
